2012/08/22 15:16:45 [error] [exception.CDbException] exception 'CDbException' with message 'CDbConnection failed to open the DB connection: could not find driver' in C:\xampp\htdocs\mermaid_demo\framework\db\CDbConnection.php:382
Stack trace:
#0 C:\xampp\htdocs\mermaid_demo\framework\db\CDbConnection.php(331): CDbConnection->open()
#1 C:\xampp\htdocs\mermaid_demo\framework\db\CDbConnection.php(309): CDbConnection->setActive(true)
#2 C:\xampp\htdocs\mermaid_demo\framework\base\CModule.php(388): CDbConnection->init()
#3 C:\xampp\htdocs\mermaid_demo\framework\base\CModule.php(104): CModule->getComponent('db')
#4 C:\xampp\htdocs\mermaid_demo\framework\gii\generators\crud\CrudCode.php(44): CModule->__get('db')
#5 C:\xampp\htdocs\mermaid_demo\framework\web\CFormModel.php(40): CrudCode->init()
#6 C:\xampp\htdocs\mermaid_demo\framework\gii\CCodeGenerator.php(152): CFormModel->__construct()
#7 C:\xampp\htdocs\mermaid_demo\framework\gii\CCodeGenerator.php(64): CCodeGenerator->prepare()
#8 C:\xampp\htdocs\mermaid_demo\framework\web\actions\CInlineAction.php(50): CCodeGenerator->actionIndex()
#9 C:\xampp\htdocs\mermaid_demo\framework\web\CController.php(309): CInlineAction->runWithParams(Array)
#10 C:\xampp\htdocs\mermaid_demo\framework\web\CController.php(287): CController->runAction(Object(CInlineAction))
#11 C:\xampp\htdocs\mermaid_demo\framework\web\CController.php(266): CController->runActionWithFilters(Object(CInlineAction), Array)
#12 C:\xampp\htdocs\mermaid_demo\framework\web\CWebApplication.php(276): CController->run('')
#13 C:\xampp\htdocs\mermaid_demo\framework\web\CWebApplication.php(135): CWebApplication->runController('gii/crud')
#14 C:\xampp\htdocs\mermaid_demo\framework\base\CApplication.php(162): CWebApplication->processRequest()
#15 C:\xampp\htdocs\mermaid_demo\index.php(13): CApplication->run()
#16 {main}
REQUEST_URI=/mermaid_demo/index.php/gii/crud
HTTP_REFERER=http://localhost/mermaid_demo/index.php/gii/default/index
---
2012/08/22 17:21:28 [error] [exception.CDbException] exception 'CDbException' with message 'CDbConnection failed to open the DB connection: could not find driver' in C:\xampp\htdocs\mermaid_demo\framework\db\CDbConnection.php:382
Stack trace:
#0 C:\xampp\htdocs\mermaid_demo\framework\db\CDbConnection.php(331): CDbConnection->open()
#1 C:\xampp\htdocs\mermaid_demo\framework\db\CDbConnection.php(309): CDbConnection->setActive(true)
#2 C:\xampp\htdocs\mermaid_demo\framework\base\CModule.php(388): CDbConnection->init()
#3 C:\xampp\htdocs\mermaid_demo\framework\base\CModule.php(104): CModule->getComponent('db')
#4 C:\xampp\htdocs\mermaid_demo\framework\gii\generators\crud\CrudCode.php(44): CModule->__get('db')
#5 C:\xampp\htdocs\mermaid_demo\framework\web\CFormModel.php(40): CrudCode->init()
#6 C:\xampp\htdocs\mermaid_demo\framework\gii\CCodeGenerator.php(152): CFormModel->__construct()
#7 C:\xampp\htdocs\mermaid_demo\framework\gii\CCodeGenerator.php(64): CCodeGenerator->prepare()
#8 C:\xampp\htdocs\mermaid_demo\framework\web\actions\CInlineAction.php(50): CCodeGenerator->actionIndex()
#9 C:\xampp\htdocs\mermaid_demo\framework\web\CController.php(309): CInlineAction->runWithParams(Array)
#10 C:\xampp\htdocs\mermaid_demo\framework\web\CController.php(287): CController->runAction(Object(CInlineAction))
#11 C:\xampp\htdocs\mermaid_demo\framework\web\CController.php(266): CController->runActionWithFilters(Object(CInlineAction), Array)
#12 C:\xampp\htdocs\mermaid_demo\framework\web\CWebApplication.php(276): CController->run('')
#13 C:\xampp\htdocs\mermaid_demo\framework\web\CWebApplication.php(135): CWebApplication->runController('gii/crud')
#14 C:\xampp\htdocs\mermaid_demo\framework\base\CApplication.php(162): CWebApplication->processRequest()
#15 C:\xampp\htdocs\mermaid_demo\index.php(13): CApplication->run()
#16 {main}
REQUEST_URI=/mermaid_demo/index.php/gii/crud
HTTP_REFERER=http://localhost/mermaid_demo/index.php/gii/default/index
---
2012/08/23 14:37:14 [error] [exception.CDbException] exception 'CDbException' with message 'CDbConnection failed to open the DB connection: could not find driver' in C:\xampp\htdocs\mermaid_demo\framework\db\CDbConnection.php:382
Stack trace:
#0 C:\xampp\htdocs\mermaid_demo\framework\db\CDbConnection.php(331): CDbConnection->open()
#1 C:\xampp\htdocs\mermaid_demo\framework\db\CDbConnection.php(309): CDbConnection->setActive(true)
#2 C:\xampp\htdocs\mermaid_demo\framework\base\CModule.php(388): CDbConnection->init()
#3 C:\xampp\htdocs\mermaid_demo\framework\base\CModule.php(104): CModule->getComponent('db')
#4 C:\xampp\htdocs\mermaid_demo\framework\gii\generators\crud\CrudCode.php(44): CModule->__get('db')
#5 C:\xampp\htdocs\mermaid_demo\framework\web\CFormModel.php(40): CrudCode->init()
#6 C:\xampp\htdocs\mermaid_demo\framework\gii\CCodeGenerator.php(152): CFormModel->__construct()
#7 C:\xampp\htdocs\mermaid_demo\framework\gii\CCodeGenerator.php(64): CCodeGenerator->prepare()
#8 C:\xampp\htdocs\mermaid_demo\framework\web\actions\CInlineAction.php(50): CCodeGenerator->actionIndex()
#9 C:\xampp\htdocs\mermaid_demo\framework\web\CController.php(309): CInlineAction->runWithParams(Array)
#10 C:\xampp\htdocs\mermaid_demo\framework\web\CController.php(287): CController->runAction(Object(CInlineAction))
#11 C:\xampp\htdocs\mermaid_demo\framework\web\CController.php(266): CController->runActionWithFilters(Object(CInlineAction), Array)
#12 C:\xampp\htdocs\mermaid_demo\framework\web\CWebApplication.php(276): CController->run('')
#13 C:\xampp\htdocs\mermaid_demo\framework\web\CWebApplication.php(135): CWebApplication->runController('gii/crud')
#14 C:\xampp\htdocs\mermaid_demo\framework\base\CApplication.php(162): CWebApplication->processRequest()
#15 C:\xampp\htdocs\mermaid_demo\index.php(13): CApplication->run()
#16 {main}
REQUEST_URI=/mermaid_demo/index.php/gii/crud
HTTP_REFERER=http://localhost/mermaid_demo/index.php/gii/default/index
---
2012/08/23 14:57:54 [error] [exception.CDbException] exception 'CDbException' with message 'CDbConnection failed to open the DB connection: could not find driver' in C:\xampp\htdocs\mermaid_demo\framework\db\CDbConnection.php:382
Stack trace:
#0 C:\xampp\htdocs\mermaid_demo\framework\db\CDbConnection.php(331): CDbConnection->open()
#1 C:\xampp\htdocs\mermaid_demo\framework\db\CDbConnection.php(309): CDbConnection->setActive(true)
#2 C:\xampp\htdocs\mermaid_demo\framework\base\CModule.php(388): CDbConnection->init()
#3 C:\xampp\htdocs\mermaid_demo\framework\base\CModule.php(104): CModule->getComponent('db')
#4 C:\xampp\htdocs\mermaid_demo\framework\gii\generators\crud\CrudCode.php(44): CModule->__get('db')
#5 C:\xampp\htdocs\mermaid_demo\framework\web\CFormModel.php(40): CrudCode->init()
#6 C:\xampp\htdocs\mermaid_demo\framework\gii\CCodeGenerator.php(152): CFormModel->__construct()
#7 C:\xampp\htdocs\mermaid_demo\framework\gii\CCodeGenerator.php(64): CCodeGenerator->prepare()
#8 C:\xampp\htdocs\mermaid_demo\framework\web\actions\CInlineAction.php(50): CCodeGenerator->actionIndex()
#9 C:\xampp\htdocs\mermaid_demo\framework\web\CController.php(309): CInlineAction->runWithParams(Array)
#10 C:\xampp\htdocs\mermaid_demo\framework\web\CController.php(287): CController->runAction(Object(CInlineAction))
#11 C:\xampp\htdocs\mermaid_demo\framework\web\CController.php(266): CController->runActionWithFilters(Object(CInlineAction), Array)
#12 C:\xampp\htdocs\mermaid_demo\framework\web\CWebApplication.php(276): CController->run('')
#13 C:\xampp\htdocs\mermaid_demo\framework\web\CWebApplication.php(135): CWebApplication->runController('gii/crud')
#14 C:\xampp\htdocs\mermaid_demo\framework\base\CApplication.php(162): CWebApplication->processRequest()
#15 C:\xampp\htdocs\mermaid_demo\index.php(13): CApplication->run()
#16 {main}
REQUEST_URI=/mermaid_demo/index.php/gii/crud
HTTP_REFERER=http://localhost/mermaid_demo/index.php/gii/default/index
---
2012/08/26 16:03:30 [error] [exception.CDbException] exception 'CDbException' with message 'CDbConnection failed to open the DB connection: could not find driver' in C:\xampp\htdocs\mermaid_demo\framework\db\CDbConnection.php:382
Stack trace:
#0 C:\xampp\htdocs\mermaid_demo\framework\db\CDbConnection.php(331): CDbConnection->open()
#1 C:\xampp\htdocs\mermaid_demo\framework\db\CDbConnection.php(309): CDbConnection->setActive(true)
#2 C:\xampp\htdocs\mermaid_demo\framework\base\CModule.php(388): CDbConnection->init()
#3 C:\xampp\htdocs\mermaid_demo\framework\base\CModule.php(104): CModule->getComponent('db')
#4 C:\xampp\htdocs\mermaid_demo\framework\gii\generators\crud\CrudCode.php(44): CModule->__get('db')
#5 C:\xampp\htdocs\mermaid_demo\framework\web\CFormModel.php(40): CrudCode->init()
#6 C:\xampp\htdocs\mermaid_demo\framework\gii\CCodeGenerator.php(152): CFormModel->__construct()
#7 C:\xampp\htdocs\mermaid_demo\framework\gii\CCodeGenerator.php(64): CCodeGenerator->prepare()
#8 C:\xampp\htdocs\mermaid_demo\framework\web\actions\CInlineAction.php(50): CCodeGenerator->actionIndex()
#9 C:\xampp\htdocs\mermaid_demo\framework\web\CController.php(309): CInlineAction->runWithParams(Array)
#10 C:\xampp\htdocs\mermaid_demo\framework\web\CController.php(287): CController->runAction(Object(CInlineAction))
#11 C:\xampp\htdocs\mermaid_demo\framework\web\CController.php(266): CController->runActionWithFilters(Object(CInlineAction), Array)
#12 C:\xampp\htdocs\mermaid_demo\framework\web\CWebApplication.php(276): CController->run('')
#13 C:\xampp\htdocs\mermaid_demo\framework\web\CWebApplication.php(135): CWebApplication->runController('gii/crud')
#14 C:\xampp\htdocs\mermaid_demo\framework\base\CApplication.php(162): CWebApplication->processRequest()
#15 C:\xampp\htdocs\mermaid_demo\index.php(13): CApplication->run()
#16 {main}
REQUEST_URI=/mermaid_demo/index.php/gii/crud
HTTP_REFERER=http://localhost/mermaid_demo/index.php/gii/default/index
---
2012/08/26 16:27:06 [error] [exception.CDbException] exception 'CDbException' with message 'CDbConnection failed to open the DB connection: could not find driver' in C:\xampp\htdocs\mermaid_demo\framework\db\CDbConnection.php:382
Stack trace:
#0 C:\xampp\htdocs\mermaid_demo\framework\db\CDbConnection.php(331): CDbConnection->open()
#1 C:\xampp\htdocs\mermaid_demo\framework\db\CDbConnection.php(309): CDbConnection->setActive(true)
#2 C:\xampp\htdocs\mermaid_demo\framework\base\CModule.php(388): CDbConnection->init()
#3 C:\xampp\htdocs\mermaid_demo\framework\base\CModule.php(104): CModule->getComponent('db')
#4 C:\xampp\htdocs\mermaid_demo\framework\gii\generators\crud\CrudCode.php(44): CModule->__get('db')
#5 C:\xampp\htdocs\mermaid_demo\framework\web\CFormModel.php(40): CrudCode->init()
#6 C:\xampp\htdocs\mermaid_demo\framework\gii\CCodeGenerator.php(152): CFormModel->__construct()
#7 C:\xampp\htdocs\mermaid_demo\framework\gii\CCodeGenerator.php(64): CCodeGenerator->prepare()
#8 C:\xampp\htdocs\mermaid_demo\framework\web\actions\CInlineAction.php(50): CCodeGenerator->actionIndex()
#9 C:\xampp\htdocs\mermaid_demo\framework\web\CController.php(309): CInlineAction->runWithParams(Array)
#10 C:\xampp\htdocs\mermaid_demo\framework\web\CController.php(287): CController->runAction(Object(CInlineAction))
#11 C:\xampp\htdocs\mermaid_demo\framework\web\CController.php(266): CController->runActionWithFilters(Object(CInlineAction), Array)
#12 C:\xampp\htdocs\mermaid_demo\framework\web\CWebApplication.php(276): CController->run('')
#13 C:\xampp\htdocs\mermaid_demo\framework\web\CWebApplication.php(135): CWebApplication->runController('gii/crud')
#14 C:\xampp\htdocs\mermaid_demo\framework\base\CApplication.php(162): CWebApplication->processRequest()
#15 C:\xampp\htdocs\mermaid_demo\index.php(13): CApplication->run()
#16 {main}
REQUEST_URI=/mermaid_demo/index.php/gii/crud
HTTP_REFERER=http://localhost/mermaid_demo/index.php/gii/default/index
---
2012/08/26 16:36:18 [error] [exception.CDbException] exception 'CDbException' with message 'CDbConnection failed to open the DB connection: could not find driver' in C:\xampp\htdocs\mermaid_demo\framework\db\CDbConnection.php:382
Stack trace:
#0 C:\xampp\htdocs\mermaid_demo\framework\db\CDbConnection.php(331): CDbConnection->open()
#1 C:\xampp\htdocs\mermaid_demo\framework\db\CDbConnection.php(309): CDbConnection->setActive(true)
#2 C:\xampp\htdocs\mermaid_demo\framework\base\CModule.php(388): CDbConnection->init()
#3 C:\xampp\htdocs\mermaid_demo\framework\base\CModule.php(104): CModule->getComponent('db')
#4 C:\xampp\htdocs\mermaid_demo\framework\gii\generators\crud\CrudCode.php(44): CModule->__get('db')
#5 C:\xampp\htdocs\mermaid_demo\framework\web\CFormModel.php(40): CrudCode->init()
#6 C:\xampp\htdocs\mermaid_demo\framework\gii\CCodeGenerator.php(152): CFormModel->__construct()
#7 C:\xampp\htdocs\mermaid_demo\framework\gii\CCodeGenerator.php(64): CCodeGenerator->prepare()
#8 C:\xampp\htdocs\mermaid_demo\framework\web\actions\CInlineAction.php(50): CCodeGenerator->actionIndex()
#9 C:\xampp\htdocs\mermaid_demo\framework\web\CController.php(309): CInlineAction->runWithParams(Array)
#10 C:\xampp\htdocs\mermaid_demo\framework\web\CController.php(287): CController->runAction(Object(CInlineAction))
#11 C:\xampp\htdocs\mermaid_demo\framework\web\CController.php(266): CController->runActionWithFilters(Object(CInlineAction), Array)
#12 C:\xampp\htdocs\mermaid_demo\framework\web\CWebApplication.php(276): CController->run('')
#13 C:\xampp\htdocs\mermaid_demo\framework\web\CWebApplication.php(135): CWebApplication->runController('gii/crud')
#14 C:\xampp\htdocs\mermaid_demo\framework\base\CApplication.php(162): CWebApplication->processRequest()
#15 C:\xampp\htdocs\mermaid_demo\index.php(13): CApplication->run()
#16 {main}
REQUEST_URI=/mermaid_demo/index.php/gii/crud
HTTP_REFERER=http://localhost/mermaid_demo/index.php/gii/default/index
---
2012/08/26 16:42:44 [error] [exception.CDbException] exception 'CDbException' with message 'CDbConnection failed to open the DB connection: could not find driver' in C:\xampp\htdocs\mermaid_demo\framework\db\CDbConnection.php:382
Stack trace:
#0 C:\xampp\htdocs\mermaid_demo\framework\db\CDbConnection.php(331): CDbConnection->open()
#1 C:\xampp\htdocs\mermaid_demo\framework\db\CDbConnection.php(309): CDbConnection->setActive(true)
#2 C:\xampp\htdocs\mermaid_demo\framework\base\CModule.php(388): CDbConnection->init()
#3 C:\xampp\htdocs\mermaid_demo\framework\base\CModule.php(104): CModule->getComponent('db')
#4 C:\xampp\htdocs\mermaid_demo\framework\gii\generators\crud\CrudCode.php(44): CModule->__get('db')
#5 C:\xampp\htdocs\mermaid_demo\framework\web\CFormModel.php(40): CrudCode->init()
#6 C:\xampp\htdocs\mermaid_demo\framework\gii\CCodeGenerator.php(152): CFormModel->__construct()
#7 C:\xampp\htdocs\mermaid_demo\framework\gii\CCodeGenerator.php(64): CCodeGenerator->prepare()
#8 C:\xampp\htdocs\mermaid_demo\framework\web\actions\CInlineAction.php(50): CCodeGenerator->actionIndex()
#9 C:\xampp\htdocs\mermaid_demo\framework\web\CController.php(309): CInlineAction->runWithParams(Array)
#10 C:\xampp\htdocs\mermaid_demo\framework\web\CController.php(287): CController->runAction(Object(CInlineAction))
#11 C:\xampp\htdocs\mermaid_demo\framework\web\CController.php(266): CController->runActionWithFilters(Object(CInlineAction), Array)
#12 C:\xampp\htdocs\mermaid_demo\framework\web\CWebApplication.php(276): CController->run('')
#13 C:\xampp\htdocs\mermaid_demo\framework\web\CWebApplication.php(135): CWebApplication->runController('gii/crud')
#14 C:\xampp\htdocs\mermaid_demo\framework\base\CApplication.php(162): CWebApplication->processRequest()
#15 C:\xampp\htdocs\mermaid_demo\index.php(13): CApplication->run()
#16 {main}
REQUEST_URI=/mermaid_demo/index.php/gii/crud
HTTP_REFERER=http://localhost/mermaid_demo/index.php/gii/default/index
---
2012/08/26 12:52:55 [error] [exception.CDbException] exception 'CDbException' with message 'CDbConnection failed to open the DB connection: could not find driver' in G:\xampp\htdocs\mermaid_demo\framework\db\CDbConnection.php:382
Stack trace:
#0 G:\xampp\htdocs\mermaid_demo\framework\db\CDbConnection.php(331): CDbConnection->open()
#1 G:\xampp\htdocs\mermaid_demo\framework\db\CDbConnection.php(309): CDbConnection->setActive(true)
#2 G:\xampp\htdocs\mermaid_demo\framework\base\CModule.php(388): CDbConnection->init()
#3 G:\xampp\htdocs\mermaid_demo\framework\base\CModule.php(104): CModule->getComponent('db')
#4 G:\xampp\htdocs\mermaid_demo\framework\gii\generators\crud\CrudCode.php(44): CModule->__get('db')
#5 G:\xampp\htdocs\mermaid_demo\framework\web\CFormModel.php(40): CrudCode->init()
#6 G:\xampp\htdocs\mermaid_demo\framework\gii\CCodeGenerator.php(152): CFormModel->__construct()
#7 G:\xampp\htdocs\mermaid_demo\framework\gii\CCodeGenerator.php(64): CCodeGenerator->prepare()
#8 G:\xampp\htdocs\mermaid_demo\framework\web\actions\CInlineAction.php(50): CCodeGenerator->actionIndex()
#9 G:\xampp\htdocs\mermaid_demo\framework\web\CController.php(309): CInlineAction->runWithParams(Array)
#10 G:\xampp\htdocs\mermaid_demo\framework\web\CController.php(287): CController->runAction(Object(CInlineAction))
#11 G:\xampp\htdocs\mermaid_demo\framework\web\CController.php(266): CController->runActionWithFilters(Object(CInlineAction), Array)
#12 G:\xampp\htdocs\mermaid_demo\framework\web\CWebApplication.php(276): CController->run('')
#13 G:\xampp\htdocs\mermaid_demo\framework\web\CWebApplication.php(135): CWebApplication->runController('gii/crud')
#14 G:\xampp\htdocs\mermaid_demo\framework\base\CApplication.php(162): CWebApplication->processRequest()
#15 G:\xampp\htdocs\mermaid_demo\index.php(13): CApplication->run()
#16 {main}
REQUEST_URI=/mermaid_demo/index.php/gii/crud
HTTP_REFERER=https://localhost/mermaid_demo/index.php/gii/default/index
---
2012/10/09 12:02:50 [error] [exception.CDbException] exception 'CDbException' with message 'CDbConnection failed to open the DB connection: could not find driver' in G:\Xampp\htdocs\mermaid_demo\framework\db\CDbConnection.php:382
Stack trace:
#0 G:\Xampp\htdocs\mermaid_demo\framework\db\CDbConnection.php(331): CDbConnection->open()
#1 G:\Xampp\htdocs\mermaid_demo\framework\db\CDbConnection.php(309): CDbConnection->setActive(true)
#2 G:\Xampp\htdocs\mermaid_demo\framework\base\CModule.php(388): CDbConnection->init()
#3 G:\Xampp\htdocs\mermaid_demo\framework\base\CModule.php(104): CModule->getComponent('db')
#4 G:\Xampp\htdocs\mermaid_demo\framework\gii\generators\crud\CrudCode.php(44): CModule->__get('db')
#5 G:\Xampp\htdocs\mermaid_demo\framework\web\CFormModel.php(40): CrudCode->init()
#6 G:\Xampp\htdocs\mermaid_demo\framework\gii\CCodeGenerator.php(152): CFormModel->__construct()
#7 G:\Xampp\htdocs\mermaid_demo\framework\gii\CCodeGenerator.php(64): CCodeGenerator->prepare()
#8 G:\Xampp\htdocs\mermaid_demo\framework\web\actions\CInlineAction.php(50): CCodeGenerator->actionIndex()
#9 G:\Xampp\htdocs\mermaid_demo\framework\web\CController.php(309): CInlineAction->runWithParams(Array)
#10 G:\Xampp\htdocs\mermaid_demo\framework\web\CController.php(287): CController->runAction(Object(CInlineAction))
#11 G:\Xampp\htdocs\mermaid_demo\framework\web\CController.php(266): CController->runActionWithFilters(Object(CInlineAction), Array)
#12 G:\Xampp\htdocs\mermaid_demo\framework\web\CWebApplication.php(276): CController->run('')
#13 G:\Xampp\htdocs\mermaid_demo\framework\web\CWebApplication.php(135): CWebApplication->runController('gii/crud')
#14 G:\Xampp\htdocs\mermaid_demo\framework\base\CApplication.php(162): CWebApplication->processRequest()
#15 G:\Xampp\htdocs\mermaid_demo\index.php(13): CApplication->run()
#16 {main}
REQUEST_URI=/mermaid_demo/index.php/gii/crud
HTTP_REFERER=http://localhost/mermaid_demo/index.php/gii/default/index
---
2012/10/09 12:04:16 [error] [exception.CDbException] exception 'CDbException' with message 'CDbConnection failed to open the DB connection: could not find driver' in G:\Xampp\htdocs\mermaid_demo\framework\db\CDbConnection.php:382
Stack trace:
#0 G:\Xampp\htdocs\mermaid_demo\framework\db\CDbConnection.php(331): CDbConnection->open()
#1 G:\Xampp\htdocs\mermaid_demo\framework\db\CDbConnection.php(309): CDbConnection->setActive(true)
#2 G:\Xampp\htdocs\mermaid_demo\framework\base\CModule.php(388): CDbConnection->init()
#3 G:\Xampp\htdocs\mermaid_demo\framework\base\CModule.php(104): CModule->getComponent('db')
#4 G:\Xampp\htdocs\mermaid_demo\framework\gii\generators\crud\CrudCode.php(44): CModule->__get('db')
#5 G:\Xampp\htdocs\mermaid_demo\framework\web\CFormModel.php(40): CrudCode->init()
#6 G:\Xampp\htdocs\mermaid_demo\framework\gii\CCodeGenerator.php(152): CFormModel->__construct()
#7 G:\Xampp\htdocs\mermaid_demo\framework\gii\CCodeGenerator.php(64): CCodeGenerator->prepare()
#8 G:\Xampp\htdocs\mermaid_demo\framework\web\actions\CInlineAction.php(50): CCodeGenerator->actionIndex()
#9 G:\Xampp\htdocs\mermaid_demo\framework\web\CController.php(309): CInlineAction->runWithParams(Array)
#10 G:\Xampp\htdocs\mermaid_demo\framework\web\CController.php(287): CController->runAction(Object(CInlineAction))
#11 G:\Xampp\htdocs\mermaid_demo\framework\web\CController.php(266): CController->runActionWithFilters(Object(CInlineAction), Array)
#12 G:\Xampp\htdocs\mermaid_demo\framework\web\CWebApplication.php(276): CController->run('')
#13 G:\Xampp\htdocs\mermaid_demo\framework\web\CWebApplication.php(135): CWebApplication->runController('gii/crud')
#14 G:\Xampp\htdocs\mermaid_demo\framework\base\CApplication.php(162): CWebApplication->processRequest()
#15 G:\Xampp\htdocs\mermaid_demo\index.php(13): CApplication->run()
#16 {main}
REQUEST_URI=/mermaid_demo/index.php/gii/crud
HTTP_REFERER=http://localhost/mermaid_demo/index.php/gii/default/index
---
2012/10/09 12:06:04 [error] [exception.CDbException] exception 'CDbException' with message 'CDbConnection failed to open the DB connection: could not find driver' in G:\Xampp\htdocs\mermaid_demo\framework\db\CDbConnection.php:382
Stack trace:
#0 G:\Xampp\htdocs\mermaid_demo\framework\db\CDbConnection.php(331): CDbConnection->open()
#1 G:\Xampp\htdocs\mermaid_demo\framework\db\CDbConnection.php(309): CDbConnection->setActive(true)
#2 G:\Xampp\htdocs\mermaid_demo\framework\base\CModule.php(388): CDbConnection->init()
#3 G:\Xampp\htdocs\mermaid_demo\framework\base\CModule.php(104): CModule->getComponent('db')
#4 G:\Xampp\htdocs\mermaid_demo\framework\gii\generators\crud\CrudCode.php(44): CModule->__get('db')
#5 G:\Xampp\htdocs\mermaid_demo\framework\web\CFormModel.php(40): CrudCode->init()
#6 G:\Xampp\htdocs\mermaid_demo\framework\gii\CCodeGenerator.php(152): CFormModel->__construct()
#7 G:\Xampp\htdocs\mermaid_demo\framework\gii\CCodeGenerator.php(64): CCodeGenerator->prepare()
#8 G:\Xampp\htdocs\mermaid_demo\framework\web\actions\CInlineAction.php(50): CCodeGenerator->actionIndex()
#9 G:\Xampp\htdocs\mermaid_demo\framework\web\CController.php(309): CInlineAction->runWithParams(Array)
#10 G:\Xampp\htdocs\mermaid_demo\framework\web\CController.php(287): CController->runAction(Object(CInlineAction))
#11 G:\Xampp\htdocs\mermaid_demo\framework\web\CController.php(266): CController->runActionWithFilters(Object(CInlineAction), Array)
#12 G:\Xampp\htdocs\mermaid_demo\framework\web\CWebApplication.php(276): CController->run('')
#13 G:\Xampp\htdocs\mermaid_demo\framework\web\CWebApplication.php(135): CWebApplication->runController('gii/crud')
#14 G:\Xampp\htdocs\mermaid_demo\framework\base\CApplication.php(162): CWebApplication->processRequest()
#15 G:\Xampp\htdocs\mermaid_demo\index.php(13): CApplication->run()
#16 {main}
REQUEST_URI=/mermaid_demo/index.php/gii/crud
HTTP_REFERER=http://localhost/mermaid_demo/index.php/gii/default/index
---
2012/10/09 12:07:28 [error] [exception.CDbException] exception 'CDbException' with message 'CDbConnection failed to open the DB connection: could not find driver' in G:\Xampp\htdocs\mermaid_demo\framework\db\CDbConnection.php:382
Stack trace:
#0 G:\Xampp\htdocs\mermaid_demo\framework\db\CDbConnection.php(331): CDbConnection->open()
#1 G:\Xampp\htdocs\mermaid_demo\framework\db\CDbConnection.php(309): CDbConnection->setActive(true)
#2 G:\Xampp\htdocs\mermaid_demo\framework\base\CModule.php(388): CDbConnection->init()
#3 G:\Xampp\htdocs\mermaid_demo\framework\base\CModule.php(104): CModule->getComponent('db')
#4 G:\Xampp\htdocs\mermaid_demo\framework\gii\generators\crud\CrudCode.php(44): CModule->__get('db')
#5 G:\Xampp\htdocs\mermaid_demo\framework\web\CFormModel.php(40): CrudCode->init()
#6 G:\Xampp\htdocs\mermaid_demo\framework\gii\CCodeGenerator.php(152): CFormModel->__construct()
#7 G:\Xampp\htdocs\mermaid_demo\framework\gii\CCodeGenerator.php(64): CCodeGenerator->prepare()
#8 G:\Xampp\htdocs\mermaid_demo\framework\web\actions\CInlineAction.php(50): CCodeGenerator->actionIndex()
#9 G:\Xampp\htdocs\mermaid_demo\framework\web\CController.php(309): CInlineAction->runWithParams(Array)
#10 G:\Xampp\htdocs\mermaid_demo\framework\web\CController.php(287): CController->runAction(Object(CInlineAction))
#11 G:\Xampp\htdocs\mermaid_demo\framework\web\CController.php(266): CController->runActionWithFilters(Object(CInlineAction), Array)
#12 G:\Xampp\htdocs\mermaid_demo\framework\web\CWebApplication.php(276): CController->run('')
#13 G:\Xampp\htdocs\mermaid_demo\framework\web\CWebApplication.php(135): CWebApplication->runController('gii/crud')
#14 G:\Xampp\htdocs\mermaid_demo\framework\base\CApplication.php(162): CWebApplication->processRequest()
#15 G:\Xampp\htdocs\mermaid_demo\index.php(13): CApplication->run()
#16 {main}
REQUEST_URI=/mermaid_demo/index.php/gii/crud
HTTP_REFERER=http://localhost/mermaid_demo/index.php/gii/default/index
---
2012/10/09 12:07:41 [error] [exception.CDbException] exception 'CDbException' with message 'CDbConnection failed to open the DB connection: could not find driver' in G:\Xampp\htdocs\mermaid_demo\framework\db\CDbConnection.php:382
Stack trace:
#0 G:\Xampp\htdocs\mermaid_demo\framework\db\CDbConnection.php(331): CDbConnection->open()
#1 G:\Xampp\htdocs\mermaid_demo\framework\db\CDbConnection.php(309): CDbConnection->setActive(true)
#2 G:\Xampp\htdocs\mermaid_demo\framework\base\CModule.php(388): CDbConnection->init()
#3 G:\Xampp\htdocs\mermaid_demo\framework\base\CModule.php(104): CModule->getComponent('db')
#4 G:\Xampp\htdocs\mermaid_demo\framework\gii\generators\model\ModelCode.php(54): CModule->__get('db')
#5 G:\Xampp\htdocs\mermaid_demo\framework\web\CFormModel.php(40): ModelCode->init()
#6 G:\Xampp\htdocs\mermaid_demo\framework\gii\CCodeGenerator.php(152): CFormModel->__construct()
#7 G:\Xampp\htdocs\mermaid_demo\framework\gii\CCodeGenerator.php(64): CCodeGenerator->prepare()
#8 G:\Xampp\htdocs\mermaid_demo\framework\web\actions\CInlineAction.php(50): CCodeGenerator->actionIndex()
#9 G:\Xampp\htdocs\mermaid_demo\framework\web\CController.php(309): CInlineAction->runWithParams(Array)
#10 G:\Xampp\htdocs\mermaid_demo\framework\web\CController.php(287): CController->runAction(Object(CInlineAction))
#11 G:\Xampp\htdocs\mermaid_demo\framework\web\CController.php(266): CController->runActionWithFilters(Object(CInlineAction), Array)
#12 G:\Xampp\htdocs\mermaid_demo\framework\web\CWebApplication.php(276): CController->run('')
#13 G:\Xampp\htdocs\mermaid_demo\framework\web\CWebApplication.php(135): CWebApplication->runController('gii/model')
#14 G:\Xampp\htdocs\mermaid_demo\framework\base\CApplication.php(162): CWebApplication->processRequest()
#15 G:\Xampp\htdocs\mermaid_demo\index.php(13): CApplication->run()
#16 {main}
REQUEST_URI=/mermaid_demo/index.php/gii/model
HTTP_REFERER=http://localhost/mermaid_demo/index.php/gii/default/index
---
2012/10/09 12:38:10 [error] [exception.CDbException] exception 'CDbException' with message 'CDbConnection failed to open the DB connection: could not find driver' in G:\Xampp\htdocs\mermaid_demo\framework\db\CDbConnection.php:382
Stack trace:
#0 G:\Xampp\htdocs\mermaid_demo\framework\db\CDbConnection.php(331): CDbConnection->open()
#1 G:\Xampp\htdocs\mermaid_demo\framework\db\CDbConnection.php(309): CDbConnection->setActive(true)
#2 G:\Xampp\htdocs\mermaid_demo\framework\base\CModule.php(388): CDbConnection->init()
#3 G:\Xampp\htdocs\mermaid_demo\framework\base\CModule.php(104): CModule->getComponent('db')
#4 G:\Xampp\htdocs\mermaid_demo\framework\gii\generators\crud\CrudCode.php(44): CModule->__get('db')
#5 G:\Xampp\htdocs\mermaid_demo\framework\web\CFormModel.php(40): CrudCode->init()
#6 G:\Xampp\htdocs\mermaid_demo\framework\gii\CCodeGenerator.php(152): CFormModel->__construct()
#7 G:\Xampp\htdocs\mermaid_demo\framework\gii\CCodeGenerator.php(64): CCodeGenerator->prepare()
#8 G:\Xampp\htdocs\mermaid_demo\framework\web\actions\CInlineAction.php(50): CCodeGenerator->actionIndex()
#9 G:\Xampp\htdocs\mermaid_demo\framework\web\CController.php(309): CInlineAction->runWithParams(Array)
#10 G:\Xampp\htdocs\mermaid_demo\framework\web\CController.php(287): CController->runAction(Object(CInlineAction))
#11 G:\Xampp\htdocs\mermaid_demo\framework\web\CController.php(266): CController->runActionWithFilters(Object(CInlineAction), Array)
#12 G:\Xampp\htdocs\mermaid_demo\framework\web\CWebApplication.php(276): CController->run('')
#13 G:\Xampp\htdocs\mermaid_demo\framework\web\CWebApplication.php(135): CWebApplication->runController('gii/crud')
#14 G:\Xampp\htdocs\mermaid_demo\framework\base\CApplication.php(162): CWebApplication->processRequest()
#15 G:\Xampp\htdocs\mermaid_demo\index.php(13): CApplication->run()
#16 {main}
REQUEST_URI=/mermaid_demo/index.php/gii/crud
HTTP_REFERER=http://localhost/mermaid_demo/index.php/gii/default/index
---
2012/10/09 13:07:02 [error] [exception.CDbException] exception 'CDbException' with message 'CDbConnection failed to open the DB connection: could not find driver' in G:\Xampp\htdocs\mermaid_demo\framework\db\CDbConnection.php:382
Stack trace:
#0 G:\Xampp\htdocs\mermaid_demo\framework\db\CDbConnection.php(331): CDbConnection->open()
#1 G:\Xampp\htdocs\mermaid_demo\framework\db\CDbConnection.php(309): CDbConnection->setActive(true)
#2 G:\Xampp\htdocs\mermaid_demo\framework\base\CModule.php(388): CDbConnection->init()
#3 G:\Xampp\htdocs\mermaid_demo\framework\base\CModule.php(104): CModule->getComponent('db')
#4 G:\Xampp\htdocs\mermaid_demo\framework\gii\generators\crud\CrudCode.php(44): CModule->__get('db')
#5 G:\Xampp\htdocs\mermaid_demo\framework\web\CFormModel.php(40): CrudCode->init()
#6 G:\Xampp\htdocs\mermaid_demo\framework\gii\CCodeGenerator.php(152): CFormModel->__construct()
#7 G:\Xampp\htdocs\mermaid_demo\framework\gii\CCodeGenerator.php(64): CCodeGenerator->prepare()
#8 G:\Xampp\htdocs\mermaid_demo\framework\web\actions\CInlineAction.php(50): CCodeGenerator->actionIndex()
#9 G:\Xampp\htdocs\mermaid_demo\framework\web\CController.php(309): CInlineAction->runWithParams(Array)
#10 G:\Xampp\htdocs\mermaid_demo\framework\web\CController.php(287): CController->runAction(Object(CInlineAction))
#11 G:\Xampp\htdocs\mermaid_demo\framework\web\CController.php(266): CController->runActionWithFilters(Object(CInlineAction), Array)
#12 G:\Xampp\htdocs\mermaid_demo\framework\web\CWebApplication.php(276): CController->run('')
#13 G:\Xampp\htdocs\mermaid_demo\framework\web\CWebApplication.php(135): CWebApplication->runController('gii/crud')
#14 G:\Xampp\htdocs\mermaid_demo\framework\base\CApplication.php(162): CWebApplication->processRequest()
#15 G:\Xampp\htdocs\mermaid_demo\index.php(13): CApplication->run()
#16 {main}
REQUEST_URI=/mermaid_demo/index.php/gii/crud
HTTP_REFERER=http://localhost/mermaid_demo/index.php/gii/default/index
---
2012/10/09 13:08:32 [error] [exception.CDbException] exception 'CDbException' with message 'CDbConnection failed to open the DB connection: could not find driver' in G:\Xampp\htdocs\mermaid_demo\framework\db\CDbConnection.php:382
Stack trace:
#0 G:\Xampp\htdocs\mermaid_demo\framework\db\CDbConnection.php(331): CDbConnection->open()
#1 G:\Xampp\htdocs\mermaid_demo\framework\db\CDbConnection.php(309): CDbConnection->setActive(true)
#2 G:\Xampp\htdocs\mermaid_demo\framework\base\CModule.php(388): CDbConnection->init()
#3 G:\Xampp\htdocs\mermaid_demo\framework\base\CModule.php(104): CModule->getComponent('db')
#4 G:\Xampp\htdocs\mermaid_demo\framework\gii\generators\crud\CrudCode.php(44): CModule->__get('db')
#5 G:\Xampp\htdocs\mermaid_demo\framework\web\CFormModel.php(40): CrudCode->init()
#6 G:\Xampp\htdocs\mermaid_demo\framework\gii\CCodeGenerator.php(152): CFormModel->__construct()
#7 G:\Xampp\htdocs\mermaid_demo\framework\gii\CCodeGenerator.php(64): CCodeGenerator->prepare()
#8 G:\Xampp\htdocs\mermaid_demo\framework\web\actions\CInlineAction.php(50): CCodeGenerator->actionIndex()
#9 G:\Xampp\htdocs\mermaid_demo\framework\web\CController.php(309): CInlineAction->runWithParams(Array)
#10 G:\Xampp\htdocs\mermaid_demo\framework\web\CController.php(287): CController->runAction(Object(CInlineAction))
#11 G:\Xampp\htdocs\mermaid_demo\framework\web\CController.php(266): CController->runActionWithFilters(Object(CInlineAction), Array)
#12 G:\Xampp\htdocs\mermaid_demo\framework\web\CWebApplication.php(276): CController->run('')
#13 G:\Xampp\htdocs\mermaid_demo\framework\web\CWebApplication.php(135): CWebApplication->runController('gii/crud')
#14 G:\Xampp\htdocs\mermaid_demo\framework\base\CApplication.php(162): CWebApplication->processRequest()
#15 G:\Xampp\htdocs\mermaid_demo\index.php(13): CApplication->run()
#16 {main}
REQUEST_URI=/mermaid_demo/index.php/gii/crud
HTTP_REFERER=http://localhost/mermaid_demo/index.php/gii/default/index
---
2012/10/18 04:32:27 [error] [exception.CDbException] exception 'CDbException' with message 'CDbConnection failed to open the DB connection: could not find driver' in C:\wamp\www\mermaid_demo\framework\db\CDbConnection.php:382
Stack trace:
#0 C:\wamp\www\mermaid_demo\framework\db\CDbConnection.php(331): CDbConnection->open()
#1 C:\wamp\www\mermaid_demo\framework\db\CDbConnection.php(309): CDbConnection->setActive(true)
#2 C:\wamp\www\mermaid_demo\framework\base\CModule.php(388): CDbConnection->init()
#3 C:\wamp\www\mermaid_demo\framework\base\CModule.php(104): CModule->getComponent('db')
#4 C:\wamp\www\mermaid_demo\framework\gii\generators\crud\CrudCode.php(44): CModule->__get('db')
#5 C:\wamp\www\mermaid_demo\framework\web\CFormModel.php(40): CrudCode->init()
#6 C:\wamp\www\mermaid_demo\framework\gii\CCodeGenerator.php(152): CFormModel->__construct()
#7 C:\wamp\www\mermaid_demo\framework\gii\CCodeGenerator.php(64): CCodeGenerator->prepare()
#8 C:\wamp\www\mermaid_demo\framework\web\actions\CInlineAction.php(50): CCodeGenerator->actionIndex()
#9 C:\wamp\www\mermaid_demo\framework\web\CController.php(309): CInlineAction->runWithParams(Array)
#10 C:\wamp\www\mermaid_demo\framework\web\CController.php(287): CController->runAction(Object(CInlineAction))
#11 C:\wamp\www\mermaid_demo\framework\web\CController.php(266): CController->runActionWithFilters(Object(CInlineAction), Array)
#12 C:\wamp\www\mermaid_demo\framework\web\CWebApplication.php(276): CController->run('')
#13 C:\wamp\www\mermaid_demo\framework\web\CWebApplication.php(135): CWebApplication->runController('gii/crud')
#14 C:\wamp\www\mermaid_demo\framework\base\CApplication.php(162): CWebApplication->processRequest()
#15 C:\wamp\www\mermaid_demo\index.php(13): CApplication->run()
#16 {main}
REQUEST_URI=/mermaid_demo/index.php/gii/crud
HTTP_REFERER=http://localhost/mermaid_demo/index.php/gii/default/index
---
2012/10/18 04:37:37 [error] [exception.CDbException] exception 'CDbException' with message 'CDbConnection failed to open the DB connection: could not find driver' in C:\wamp\www\mermaid_demo\framework\db\CDbConnection.php:382
Stack trace:
#0 C:\wamp\www\mermaid_demo\framework\db\CDbConnection.php(331): CDbConnection->open()
#1 C:\wamp\www\mermaid_demo\framework\db\CDbConnection.php(309): CDbConnection->setActive(true)
#2 C:\wamp\www\mermaid_demo\framework\base\CModule.php(388): CDbConnection->init()
#3 C:\wamp\www\mermaid_demo\framework\base\CModule.php(104): CModule->getComponent('db')
#4 C:\wamp\www\mermaid_demo\framework\gii\generators\crud\CrudCode.php(44): CModule->__get('db')
#5 C:\wamp\www\mermaid_demo\framework\web\CFormModel.php(40): CrudCode->init()
#6 C:\wamp\www\mermaid_demo\framework\gii\CCodeGenerator.php(152): CFormModel->__construct()
#7 C:\wamp\www\mermaid_demo\framework\gii\CCodeGenerator.php(64): CCodeGenerator->prepare()
#8 C:\wamp\www\mermaid_demo\framework\web\actions\CInlineAction.php(50): CCodeGenerator->actionIndex()
#9 C:\wamp\www\mermaid_demo\framework\web\CController.php(309): CInlineAction->runWithParams(Array)
#10 C:\wamp\www\mermaid_demo\framework\web\CController.php(287): CController->runAction(Object(CInlineAction))
#11 C:\wamp\www\mermaid_demo\framework\web\CController.php(266): CController->runActionWithFilters(Object(CInlineAction), Array)
#12 C:\wamp\www\mermaid_demo\framework\web\CWebApplication.php(276): CController->run('')
#13 C:\wamp\www\mermaid_demo\framework\web\CWebApplication.php(135): CWebApplication->runController('gii/crud')
#14 C:\wamp\www\mermaid_demo\framework\base\CApplication.php(162): CWebApplication->processRequest()
#15 C:\wamp\www\mermaid_demo\index.php(13): CApplication->run()
#16 {main}
REQUEST_URI=/mermaid_demo/index.php/gii/crud
HTTP_REFERER=http://localhost/mermaid_demo/index.php/gii/default/index
---
2012/10/18 04:37:42 [error] [exception.CDbException] exception 'CDbException' with message 'CDbConnection failed to open the DB connection: could not find driver' in C:\wamp\www\mermaid_demo\framework\db\CDbConnection.php:382
Stack trace:
#0 C:\wamp\www\mermaid_demo\framework\db\CDbConnection.php(331): CDbConnection->open()
#1 C:\wamp\www\mermaid_demo\framework\db\CDbConnection.php(309): CDbConnection->setActive(true)
#2 C:\wamp\www\mermaid_demo\framework\base\CModule.php(388): CDbConnection->init()
#3 C:\wamp\www\mermaid_demo\framework\base\CModule.php(104): CModule->getComponent('db')
#4 C:\wamp\www\mermaid_demo\framework\gii\generators\crud\CrudCode.php(44): CModule->__get('db')
#5 C:\wamp\www\mermaid_demo\framework\web\CFormModel.php(40): CrudCode->init()
#6 C:\wamp\www\mermaid_demo\framework\gii\CCodeGenerator.php(152): CFormModel->__construct()
#7 C:\wamp\www\mermaid_demo\framework\gii\CCodeGenerator.php(64): CCodeGenerator->prepare()
#8 C:\wamp\www\mermaid_demo\framework\web\actions\CInlineAction.php(50): CCodeGenerator->actionIndex()
#9 C:\wamp\www\mermaid_demo\framework\web\CController.php(309): CInlineAction->runWithParams(Array)
#10 C:\wamp\www\mermaid_demo\framework\web\CController.php(287): CController->runAction(Object(CInlineAction))
#11 C:\wamp\www\mermaid_demo\framework\web\CController.php(266): CController->runActionWithFilters(Object(CInlineAction), Array)
#12 C:\wamp\www\mermaid_demo\framework\web\CWebApplication.php(276): CController->run('')
#13 C:\wamp\www\mermaid_demo\framework\web\CWebApplication.php(135): CWebApplication->runController('gii/crud')
#14 C:\wamp\www\mermaid_demo\framework\base\CApplication.php(162): CWebApplication->processRequest()
#15 C:\wamp\www\mermaid_demo\index.php(13): CApplication->run()
#16 {main}
REQUEST_URI=/mermaid_demo/index.php/gii/crud
HTTP_REFERER=http://localhost/mermaid_demo/index.php/gii/default/index
---
2012/10/18 04:39:53 [error] [exception.CDbException] exception 'CDbException' with message 'CDbConnection failed to open the DB connection: could not find driver' in C:\wamp\www\mermaid_demo\framework\db\CDbConnection.php:382
Stack trace:
#0 C:\wamp\www\mermaid_demo\framework\db\CDbConnection.php(331): CDbConnection->open()
#1 C:\wamp\www\mermaid_demo\framework\db\CDbConnection.php(309): CDbConnection->setActive(true)
#2 C:\wamp\www\mermaid_demo\framework\base\CModule.php(388): CDbConnection->init()
#3 C:\wamp\www\mermaid_demo\framework\base\CModule.php(104): CModule->getComponent('db')
#4 C:\wamp\www\mermaid_demo\framework\gii\generators\crud\CrudCode.php(44): CModule->__get('db')
#5 C:\wamp\www\mermaid_demo\framework\web\CFormModel.php(40): CrudCode->init()
#6 C:\wamp\www\mermaid_demo\framework\gii\CCodeGenerator.php(152): CFormModel->__construct()
#7 C:\wamp\www\mermaid_demo\framework\gii\CCodeGenerator.php(64): CCodeGenerator->prepare()
#8 C:\wamp\www\mermaid_demo\framework\web\actions\CInlineAction.php(50): CCodeGenerator->actionIndex()
#9 C:\wamp\www\mermaid_demo\framework\web\CController.php(309): CInlineAction->runWithParams(Array)
#10 C:\wamp\www\mermaid_demo\framework\web\CController.php(287): CController->runAction(Object(CInlineAction))
#11 C:\wamp\www\mermaid_demo\framework\web\CController.php(266): CController->runActionWithFilters(Object(CInlineAction), Array)
#12 C:\wamp\www\mermaid_demo\framework\web\CWebApplication.php(276): CController->run('')
#13 C:\wamp\www\mermaid_demo\framework\web\CWebApplication.php(135): CWebApplication->runController('gii/crud')
#14 C:\wamp\www\mermaid_demo\framework\base\CApplication.php(162): CWebApplication->processRequest()
#15 C:\wamp\www\mermaid_demo\index.php(13): CApplication->run()
#16 {main}
REQUEST_URI=/mermaid_demo/index.php/gii/crud
HTTP_REFERER=http://localhost/mermaid_demo/index.php/gii/default/index
---
2012/10/18 04:40:01 [error] [exception.CDbException] exception 'CDbException' with message 'CDbConnection failed to open the DB connection: could not find driver' in C:\wamp\www\mermaid_demo\framework\db\CDbConnection.php:382
Stack trace:
#0 C:\wamp\www\mermaid_demo\framework\db\CDbConnection.php(331): CDbConnection->open()
#1 C:\wamp\www\mermaid_demo\framework\db\CDbConnection.php(309): CDbConnection->setActive(true)
#2 C:\wamp\www\mermaid_demo\framework\base\CModule.php(388): CDbConnection->init()
#3 C:\wamp\www\mermaid_demo\framework\base\CModule.php(104): CModule->getComponent('db')
#4 C:\wamp\www\mermaid_demo\framework\gii\generators\crud\CrudCode.php(44): CModule->__get('db')
#5 C:\wamp\www\mermaid_demo\framework\web\CFormModel.php(40): CrudCode->init()
#6 C:\wamp\www\mermaid_demo\framework\gii\CCodeGenerator.php(152): CFormModel->__construct()
#7 C:\wamp\www\mermaid_demo\framework\gii\CCodeGenerator.php(64): CCodeGenerator->prepare()
#8 C:\wamp\www\mermaid_demo\framework\web\actions\CInlineAction.php(50): CCodeGenerator->actionIndex()
#9 C:\wamp\www\mermaid_demo\framework\web\CController.php(309): CInlineAction->runWithParams(Array)
#10 C:\wamp\www\mermaid_demo\framework\web\CController.php(287): CController->runAction(Object(CInlineAction))
#11 C:\wamp\www\mermaid_demo\framework\web\CController.php(266): CController->runActionWithFilters(Object(CInlineAction), Array)
#12 C:\wamp\www\mermaid_demo\framework\web\CWebApplication.php(276): CController->run('')
#13 C:\wamp\www\mermaid_demo\framework\web\CWebApplication.php(135): CWebApplication->runController('gii/crud')
#14 C:\wamp\www\mermaid_demo\framework\base\CApplication.php(162): CWebApplication->processRequest()
#15 C:\wamp\www\mermaid_demo\index.php(13): CApplication->run()
#16 {main}
REQUEST_URI=/mermaid_demo/index.php/gii/crud
HTTP_REFERER=http://localhost/mermaid_demo/index.php/gii/default/index
---
2012/10/18 04:40:08 [error] [exception.CDbException] exception 'CDbException' with message 'CDbConnection failed to open the DB connection: could not find driver' in C:\wamp\www\mermaid_demo\framework\db\CDbConnection.php:382
Stack trace:
#0 C:\wamp\www\mermaid_demo\framework\db\CDbConnection.php(331): CDbConnection->open()
#1 C:\wamp\www\mermaid_demo\framework\db\CDbConnection.php(309): CDbConnection->setActive(true)
#2 C:\wamp\www\mermaid_demo\framework\base\CModule.php(388): CDbConnection->init()
#3 C:\wamp\www\mermaid_demo\framework\base\CModule.php(104): CModule->getComponent('db')
#4 C:\wamp\www\mermaid_demo\framework\gii\generators\model\ModelCode.php(54): CModule->__get('db')
#5 C:\wamp\www\mermaid_demo\framework\web\CFormModel.php(40): ModelCode->init()
#6 C:\wamp\www\mermaid_demo\framework\gii\CCodeGenerator.php(152): CFormModel->__construct()
#7 C:\wamp\www\mermaid_demo\framework\gii\CCodeGenerator.php(64): CCodeGenerator->prepare()
#8 C:\wamp\www\mermaid_demo\framework\web\actions\CInlineAction.php(50): CCodeGenerator->actionIndex()
#9 C:\wamp\www\mermaid_demo\framework\web\CController.php(309): CInlineAction->runWithParams(Array)
#10 C:\wamp\www\mermaid_demo\framework\web\CController.php(287): CController->runAction(Object(CInlineAction))
#11 C:\wamp\www\mermaid_demo\framework\web\CController.php(266): CController->runActionWithFilters(Object(CInlineAction), Array)
#12 C:\wamp\www\mermaid_demo\framework\web\CWebApplication.php(276): CController->run('')
#13 C:\wamp\www\mermaid_demo\framework\web\CWebApplication.php(135): CWebApplication->runController('gii/model')
#14 C:\wamp\www\mermaid_demo\framework\base\CApplication.php(162): CWebApplication->processRequest()
#15 C:\wamp\www\mermaid_demo\index.php(13): CApplication->run()
#16 {main}
REQUEST_URI=/mermaid_demo/index.php/gii/model
HTTP_REFERER=http://localhost/mermaid_demo/index.php/gii/default/index
---
2012/10/18 04:41:47 [error] [exception.CDbException] exception 'CDbException' with message 'CDbConnection failed to open the DB connection: could not find driver' in C:\wamp\www\mermaid_demo\framework\db\CDbConnection.php:382
Stack trace:
#0 C:\wamp\www\mermaid_demo\framework\db\CDbConnection.php(331): CDbConnection->open()
#1 C:\wamp\www\mermaid_demo\framework\db\CDbConnection.php(309): CDbConnection->setActive(true)
#2 C:\wamp\www\mermaid_demo\framework\base\CModule.php(388): CDbConnection->init()
#3 C:\wamp\www\mermaid_demo\framework\base\CModule.php(104): CModule->getComponent('db')
#4 C:\wamp\www\mermaid_demo\framework\gii\generators\crud\CrudCode.php(44): CModule->__get('db')
#5 C:\wamp\www\mermaid_demo\framework\web\CFormModel.php(40): CrudCode->init()
#6 C:\wamp\www\mermaid_demo\framework\gii\CCodeGenerator.php(152): CFormModel->__construct()
#7 C:\wamp\www\mermaid_demo\framework\gii\CCodeGenerator.php(64): CCodeGenerator->prepare()
#8 C:\wamp\www\mermaid_demo\framework\web\actions\CInlineAction.php(50): CCodeGenerator->actionIndex()
#9 C:\wamp\www\mermaid_demo\framework\web\CController.php(309): CInlineAction->runWithParams(Array)
#10 C:\wamp\www\mermaid_demo\framework\web\CController.php(287): CController->runAction(Object(CInlineAction))
#11 C:\wamp\www\mermaid_demo\framework\web\CController.php(266): CController->runActionWithFilters(Object(CInlineAction), Array)
#12 C:\wamp\www\mermaid_demo\framework\web\CWebApplication.php(276): CController->run('')
#13 C:\wamp\www\mermaid_demo\framework\web\CWebApplication.php(135): CWebApplication->runController('gii/crud')
#14 C:\wamp\www\mermaid_demo\framework\base\CApplication.php(162): CWebApplication->processRequest()
#15 C:\wamp\www\mermaid_demo\index.php(13): CApplication->run()
#16 {main}
REQUEST_URI=/mermaid_demo/index.php/gii/crud
HTTP_REFERER=http://localhost/mermaid_demo/index.php/gii/default/index
---
2012/10/18 04:46:18 [error] [exception.CDbException] exception 'CDbException' with message 'CDbConnection failed to open the DB connection: could not find driver' in C:\wamp\www\mermaid_demo\framework\db\CDbConnection.php:382
Stack trace:
#0 C:\wamp\www\mermaid_demo\framework\db\CDbConnection.php(331): CDbConnection->open()
#1 C:\wamp\www\mermaid_demo\framework\db\CDbConnection.php(309): CDbConnection->setActive(true)
#2 C:\wamp\www\mermaid_demo\framework\base\CModule.php(388): CDbConnection->init()
#3 C:\wamp\www\mermaid_demo\framework\base\CModule.php(104): CModule->getComponent('db')
#4 C:\wamp\www\mermaid_demo\framework\gii\generators\crud\CrudCode.php(44): CModule->__get('db')
#5 C:\wamp\www\mermaid_demo\framework\web\CFormModel.php(40): CrudCode->init()
#6 C:\wamp\www\mermaid_demo\framework\gii\CCodeGenerator.php(152): CFormModel->__construct()
#7 C:\wamp\www\mermaid_demo\framework\gii\CCodeGenerator.php(64): CCodeGenerator->prepare()
#8 C:\wamp\www\mermaid_demo\framework\web\actions\CInlineAction.php(50): CCodeGenerator->actionIndex()
#9 C:\wamp\www\mermaid_demo\framework\web\CController.php(309): CInlineAction->runWithParams(Array)
#10 C:\wamp\www\mermaid_demo\framework\web\CController.php(287): CController->runAction(Object(CInlineAction))
#11 C:\wamp\www\mermaid_demo\framework\web\CController.php(266): CController->runActionWithFilters(Object(CInlineAction), Array)
#12 C:\wamp\www\mermaid_demo\framework\web\CWebApplication.php(276): CController->run('')
#13 C:\wamp\www\mermaid_demo\framework\web\CWebApplication.php(135): CWebApplication->runController('gii/crud')
#14 C:\wamp\www\mermaid_demo\framework\base\CApplication.php(162): CWebApplication->processRequest()
#15 C:\wamp\www\mermaid_demo\index.php(13): CApplication->run()
#16 {main}
REQUEST_URI=/mermaid_demo/index.php/gii/crud
HTTP_REFERER=http://localhost/mermaid_demo/index.php/gii/default/index
---
2012/10/22 09:46:03 [error] [exception.CException] exception 'CException' with message 'UserIdentity and its behaviors do not have a method or closure named "database_authentication".' in D:\xampp\htdocs\mermaid_demo\framework\base\CComponent.php:266
Stack trace:
#0 [internal function]: CComponent->__call('database_authen...', Array)
#1 D:\xampp\htdocs\mermaid_demo\protected\models\LoginForm.php(52): UserIdentity->database_authentication()
#2 D:\xampp\htdocs\mermaid_demo\framework\validators\CInlineValidator.php(43): LoginForm->authenticate('password', Array)
#3 D:\xampp\htdocs\mermaid_demo\framework\validators\CValidator.php(197): CInlineValidator->validateAttribute(Object(LoginForm), 'password')
#4 D:\xampp\htdocs\mermaid_demo\framework\base\CModel.php(158): CValidator->validate(Object(LoginForm), NULL)
#5 D:\xampp\htdocs\mermaid_demo\protected\controllers\SiteController.php(88): CModel->validate()
#6 D:\xampp\htdocs\mermaid_demo\framework\web\actions\CInlineAction.php(50): SiteController->actionLogin()
#7 D:\xampp\htdocs\mermaid_demo\framework\web\CController.php(309): CInlineAction->runWithParams(Array)
#8 D:\xampp\htdocs\mermaid_demo\framework\web\CController.php(287): CController->runAction(Object(CInlineAction))
#9 D:\xampp\htdocs\mermaid_demo\framework\web\CController.php(266): CController->runActionWithFilters(Object(CInlineAction), Array)
#10 D:\xampp\htdocs\mermaid_demo\framework\web\CWebApplication.php(276): CController->run('login')
#11 D:\xampp\htdocs\mermaid_demo\framework\web\CWebApplication.php(135): CWebApplication->runController('site/login')
#12 D:\xampp\htdocs\mermaid_demo\framework\base\CApplication.php(162): CWebApplication->processRequest()
#13 D:\xampp\htdocs\mermaid_demo\index.php(13): CApplication->run()
#14 {main}
REQUEST_URI=/mermaid_demo/index.php/site/login
HTTP_REFERER=http://localhost/mermaid_demo/index.php/site/login
---
2012/10/22 09:58:30 [error] [exception.CException] exception 'CException' with message 'UserIdentity and its behaviors do not have a method or closure named "database_authentication".' in D:\xampp\htdocs\mermaid_demo\framework\base\CComponent.php:266
Stack trace:
#0 [internal function]: CComponent->__call('database_authen...', Array)
#1 D:\xampp\htdocs\mermaid_demo\protected\models\LoginForm.php(52): UserIdentity->database_authentication()
#2 D:\xampp\htdocs\mermaid_demo\framework\validators\CInlineValidator.php(43): LoginForm->authenticate('password', Array)
#3 D:\xampp\htdocs\mermaid_demo\framework\validators\CValidator.php(197): CInlineValidator->validateAttribute(Object(LoginForm), 'password')
#4 D:\xampp\htdocs\mermaid_demo\framework\base\CModel.php(158): CValidator->validate(Object(LoginForm), NULL)
#5 D:\xampp\htdocs\mermaid_demo\protected\controllers\SiteController.php(88): CModel->validate()
#6 D:\xampp\htdocs\mermaid_demo\framework\web\actions\CInlineAction.php(50): SiteController->actionLogin()
#7 D:\xampp\htdocs\mermaid_demo\framework\web\CController.php(309): CInlineAction->runWithParams(Array)
#8 D:\xampp\htdocs\mermaid_demo\framework\web\CController.php(287): CController->runAction(Object(CInlineAction))
#9 D:\xampp\htdocs\mermaid_demo\framework\web\CController.php(266): CController->runActionWithFilters(Object(CInlineAction), Array)
#10 D:\xampp\htdocs\mermaid_demo\framework\web\CWebApplication.php(276): CController->run('login')
#11 D:\xampp\htdocs\mermaid_demo\framework\web\CWebApplication.php(135): CWebApplication->runController('site/login')
#12 D:\xampp\htdocs\mermaid_demo\framework\base\CApplication.php(162): CWebApplication->processRequest()
#13 D:\xampp\htdocs\mermaid_demo\index.php(13): CApplication->run()
#14 {main}
REQUEST_URI=/mermaid_demo/index.php/site/login
HTTP_REFERER=http://localhost/mermaid_demo/index.php/site/login
---
2012/10/23 09:52:52 [error] [exception.CHttpException.403] exception 'CHttpException' with message 'You are not authorized to perform this action.' in D:\xampp\htdocs\mermaid_demo\framework\web\auth\CAccessControlFilter.php:157
Stack trace:
#0 D:\xampp\htdocs\mermaid_demo\framework\web\auth\CAccessControlFilter.php(120): CAccessControlFilter->accessDenied(Object(CWebUser), 'You are not aut...')
#1 D:\xampp\htdocs\mermaid_demo\framework\web\filters\CFilter.php(39): CAccessControlFilter->preFilter(Object(CFilterChain))
#2 D:\xampp\htdocs\mermaid_demo\framework\web\CController.php(1146): CFilter->filter(Object(CFilterChain))
#3 D:\xampp\htdocs\mermaid_demo\framework\web\filters\CInlineFilter.php(59): CController->filterAccessControl(Object(CFilterChain))
#4 D:\xampp\htdocs\mermaid_demo\framework\web\filters\CFilterChain.php(131): CInlineFilter->filter(Object(CFilterChain))
#5 D:\xampp\htdocs\mermaid_demo\framework\web\CController.php(292): CFilterChain->run()
#6 D:\xampp\htdocs\mermaid_demo\framework\web\CController.php(266): CController->runActionWithFilters(Object(CInlineAction), Array)
#7 D:\xampp\htdocs\mermaid_demo\framework\web\CWebApplication.php(276): CController->run('admin')
#8 D:\xampp\htdocs\mermaid_demo\framework\web\CWebApplication.php(135): CWebApplication->runController('materialCategor...')
#9 D:\xampp\htdocs\mermaid_demo\framework\base\CApplication.php(162): CWebApplication->processRequest()
#10 D:\xampp\htdocs\mermaid_demo\index.php(13): CApplication->run()
#11 {main}
REQUEST_URI=/mermaid_demo/index.php/materialCategory/admin
HTTP_REFERER=http://localhost/mermaid_demo/index.php/site/login
---
2012/10/23 09:53:05 [error] [exception.CHttpException.403] exception 'CHttpException' with message 'You are not authorized to perform this action.' in D:\xampp\htdocs\mermaid_demo\framework\web\auth\CAccessControlFilter.php:157
Stack trace:
#0 D:\xampp\htdocs\mermaid_demo\framework\web\auth\CAccessControlFilter.php(120): CAccessControlFilter->accessDenied(Object(CWebUser), 'You are not aut...')
#1 D:\xampp\htdocs\mermaid_demo\framework\web\filters\CFilter.php(39): CAccessControlFilter->preFilter(Object(CFilterChain))
#2 D:\xampp\htdocs\mermaid_demo\framework\web\CController.php(1146): CFilter->filter(Object(CFilterChain))
#3 D:\xampp\htdocs\mermaid_demo\framework\web\filters\CInlineFilter.php(59): CController->filterAccessControl(Object(CFilterChain))
#4 D:\xampp\htdocs\mermaid_demo\framework\web\filters\CFilterChain.php(131): CInlineFilter->filter(Object(CFilterChain))
#5 D:\xampp\htdocs\mermaid_demo\framework\web\CController.php(292): CFilterChain->run()
#6 D:\xampp\htdocs\mermaid_demo\framework\web\CController.php(266): CController->runActionWithFilters(Object(CInlineAction), Array)
#7 D:\xampp\htdocs\mermaid_demo\framework\web\CWebApplication.php(276): CController->run('admin')
#8 D:\xampp\htdocs\mermaid_demo\framework\web\CWebApplication.php(135): CWebApplication->runController('materialCategor...')
#9 D:\xampp\htdocs\mermaid_demo\framework\base\CApplication.php(162): CWebApplication->processRequest()
#10 D:\xampp\htdocs\mermaid_demo\index.php(13): CApplication->run()
#11 {main}
REQUEST_URI=/mermaid_demo/index.php/materialCategory/admin
HTTP_REFERER=http://localhost/mermaid_demo/index.php/site/login
---
2012/10/23 09:53:23 [error] [exception.CHttpException.403] exception 'CHttpException' with message 'You are not authorized to perform this action.' in D:\xampp\htdocs\mermaid_demo\framework\web\auth\CAccessControlFilter.php:157
Stack trace:
#0 D:\xampp\htdocs\mermaid_demo\framework\web\auth\CAccessControlFilter.php(120): CAccessControlFilter->accessDenied(Object(CWebUser), 'You are not aut...')
#1 D:\xampp\htdocs\mermaid_demo\framework\web\filters\CFilter.php(39): CAccessControlFilter->preFilter(Object(CFilterChain))
#2 D:\xampp\htdocs\mermaid_demo\framework\web\CController.php(1146): CFilter->filter(Object(CFilterChain))
#3 D:\xampp\htdocs\mermaid_demo\framework\web\filters\CInlineFilter.php(59): CController->filterAccessControl(Object(CFilterChain))
#4 D:\xampp\htdocs\mermaid_demo\framework\web\filters\CFilterChain.php(131): CInlineFilter->filter(Object(CFilterChain))
#5 D:\xampp\htdocs\mermaid_demo\framework\web\CController.php(292): CFilterChain->run()
#6 D:\xampp\htdocs\mermaid_demo\framework\web\CController.php(266): CController->runActionWithFilters(Object(CInlineAction), Array)
#7 D:\xampp\htdocs\mermaid_demo\framework\web\CWebApplication.php(276): CController->run('admin')
#8 D:\xampp\htdocs\mermaid_demo\framework\web\CWebApplication.php(135): CWebApplication->runController('materialCategor...')
#9 D:\xampp\htdocs\mermaid_demo\framework\base\CApplication.php(162): CWebApplication->processRequest()
#10 D:\xampp\htdocs\mermaid_demo\index.php(13): CApplication->run()
#11 {main}
REQUEST_URI=/mermaid_demo/index.php/materialCategory/admin
HTTP_REFERER=http://localhost/mermaid_demo/index.php/site/login
---
2012/10/23 09:54:12 [error] [exception.CHttpException.403] exception 'CHttpException' with message 'You are not authorized to perform this action.' in D:\xampp\htdocs\mermaid_demo\framework\web\auth\CAccessControlFilter.php:157
Stack trace:
#0 D:\xampp\htdocs\mermaid_demo\framework\web\auth\CAccessControlFilter.php(120): CAccessControlFilter->accessDenied(Object(CWebUser), 'You are not aut...')
#1 D:\xampp\htdocs\mermaid_demo\framework\web\filters\CFilter.php(39): CAccessControlFilter->preFilter(Object(CFilterChain))
#2 D:\xampp\htdocs\mermaid_demo\framework\web\CController.php(1146): CFilter->filter(Object(CFilterChain))
#3 D:\xampp\htdocs\mermaid_demo\framework\web\filters\CInlineFilter.php(59): CController->filterAccessControl(Object(CFilterChain))
#4 D:\xampp\htdocs\mermaid_demo\framework\web\filters\CFilterChain.php(131): CInlineFilter->filter(Object(CFilterChain))
#5 D:\xampp\htdocs\mermaid_demo\framework\web\CController.php(292): CFilterChain->run()
#6 D:\xampp\htdocs\mermaid_demo\framework\web\CController.php(266): CController->runActionWithFilters(Object(CInlineAction), Array)
#7 D:\xampp\htdocs\mermaid_demo\framework\web\CWebApplication.php(276): CController->run('admin')
#8 D:\xampp\htdocs\mermaid_demo\framework\web\CWebApplication.php(135): CWebApplication->runController('materialCategor...')
#9 D:\xampp\htdocs\mermaid_demo\framework\base\CApplication.php(162): CWebApplication->processRequest()
#10 D:\xampp\htdocs\mermaid_demo\index.php(13): CApplication->run()
#11 {main}
REQUEST_URI=/mermaid_demo/index.php/materialCategory/admin
HTTP_REFERER=http://localhost/mermaid_demo/index.php/materialCategory/index
---
2012/10/23 09:54:45 [error] [exception.CHttpException.403] exception 'CHttpException' with message 'You are not authorized to perform this action.' in D:\xampp\htdocs\mermaid_demo\framework\web\auth\CAccessControlFilter.php:157
Stack trace:
#0 D:\xampp\htdocs\mermaid_demo\framework\web\auth\CAccessControlFilter.php(120): CAccessControlFilter->accessDenied(Object(CWebUser), 'You are not aut...')
#1 D:\xampp\htdocs\mermaid_demo\framework\web\filters\CFilter.php(39): CAccessControlFilter->preFilter(Object(CFilterChain))
#2 D:\xampp\htdocs\mermaid_demo\framework\web\CController.php(1146): CFilter->filter(Object(CFilterChain))
#3 D:\xampp\htdocs\mermaid_demo\framework\web\filters\CInlineFilter.php(59): CController->filterAccessControl(Object(CFilterChain))
#4 D:\xampp\htdocs\mermaid_demo\framework\web\filters\CFilterChain.php(131): CInlineFilter->filter(Object(CFilterChain))
#5 D:\xampp\htdocs\mermaid_demo\framework\web\CController.php(292): CFilterChain->run()
#6 D:\xampp\htdocs\mermaid_demo\framework\web\CController.php(266): CController->runActionWithFilters(Object(CInlineAction), Array)
#7 D:\xampp\htdocs\mermaid_demo\framework\web\CWebApplication.php(276): CController->run('admin')
#8 D:\xampp\htdocs\mermaid_demo\framework\web\CWebApplication.php(135): CWebApplication->runController('materialCategor...')
#9 D:\xampp\htdocs\mermaid_demo\framework\base\CApplication.php(162): CWebApplication->processRequest()
#10 D:\xampp\htdocs\mermaid_demo\index.php(13): CApplication->run()
#11 {main}
REQUEST_URI=/mermaid_demo/index.php/materialCategory/admin
HTTP_REFERER=http://localhost/mermaid_demo/index.php/materialCategory/index
---
2012/10/23 09:54:59 [error] [exception.CHttpException.404] exception 'CHttpException' with message 'Unable to resolve the request "gii/materialCategory/index".' in D:\xampp\htdocs\mermaid_demo\framework\web\CWebApplication.php:280
Stack trace:
#0 D:\xampp\htdocs\mermaid_demo\framework\web\CWebApplication.php(135): CWebApplication->runController('gii/materialCat...')
#1 D:\xampp\htdocs\mermaid_demo\framework\base\CApplication.php(162): CWebApplication->processRequest()
#2 D:\xampp\htdocs\mermaid_demo\index.php(13): CApplication->run()
#3 {main}
REQUEST_URI=/mermaid_demo/index.php/gii/materialCategory/index
---
2012/10/23 09:55:44 [error] [exception.CHttpException.403] exception 'CHttpException' with message 'You are not authorized to perform this action.' in D:\xampp\htdocs\mermaid_demo\framework\web\auth\CAccessControlFilter.php:157
Stack trace:
#0 D:\xampp\htdocs\mermaid_demo\framework\web\auth\CAccessControlFilter.php(120): CAccessControlFilter->accessDenied(Object(CWebUser), 'You are not aut...')
#1 D:\xampp\htdocs\mermaid_demo\framework\web\filters\CFilter.php(39): CAccessControlFilter->preFilter(Object(CFilterChain))
#2 D:\xampp\htdocs\mermaid_demo\framework\web\CController.php(1146): CFilter->filter(Object(CFilterChain))
#3 D:\xampp\htdocs\mermaid_demo\framework\web\filters\CInlineFilter.php(59): CController->filterAccessControl(Object(CFilterChain))
#4 D:\xampp\htdocs\mermaid_demo\framework\web\filters\CFilterChain.php(131): CInlineFilter->filter(Object(CFilterChain))
#5 D:\xampp\htdocs\mermaid_demo\framework\web\CController.php(292): CFilterChain->run()
#6 D:\xampp\htdocs\mermaid_demo\framework\web\CController.php(266): CController->runActionWithFilters(Object(CInlineAction), Array)
#7 D:\xampp\htdocs\mermaid_demo\framework\web\CWebApplication.php(276): CController->run('admin')
#8 D:\xampp\htdocs\mermaid_demo\framework\web\CWebApplication.php(135): CWebApplication->runController('materialCategor...')
#9 D:\xampp\htdocs\mermaid_demo\framework\base\CApplication.php(162): CWebApplication->processRequest()
#10 D:\xampp\htdocs\mermaid_demo\index.php(13): CApplication->run()
#11 {main}
REQUEST_URI=/mermaid_demo/index.php/materialCategory/admin
HTTP_REFERER=http://localhost/mermaid_demo/index.php/materialCategory/index
---
2012/10/23 09:55:53 [error] [exception.CHttpException.403] exception 'CHttpException' with message 'You are not authorized to perform this action.' in D:\xampp\htdocs\mermaid_demo\framework\web\auth\CAccessControlFilter.php:157
Stack trace:
#0 D:\xampp\htdocs\mermaid_demo\framework\web\auth\CAccessControlFilter.php(120): CAccessControlFilter->accessDenied(Object(CWebUser), 'You are not aut...')
#1 D:\xampp\htdocs\mermaid_demo\framework\web\filters\CFilter.php(39): CAccessControlFilter->preFilter(Object(CFilterChain))
#2 D:\xampp\htdocs\mermaid_demo\framework\web\CController.php(1146): CFilter->filter(Object(CFilterChain))
#3 D:\xampp\htdocs\mermaid_demo\framework\web\filters\CInlineFilter.php(59): CController->filterAccessControl(Object(CFilterChain))
#4 D:\xampp\htdocs\mermaid_demo\framework\web\filters\CFilterChain.php(131): CInlineFilter->filter(Object(CFilterChain))
#5 D:\xampp\htdocs\mermaid_demo\framework\web\CController.php(292): CFilterChain->run()
#6 D:\xampp\htdocs\mermaid_demo\framework\web\CController.php(266): CController->runActionWithFilters(Object(CInlineAction), Array)
#7 D:\xampp\htdocs\mermaid_demo\framework\web\CWebApplication.php(276): CController->run('admin')
#8 D:\xampp\htdocs\mermaid_demo\framework\web\CWebApplication.php(135): CWebApplication->runController('materialCategor...')
#9 D:\xampp\htdocs\mermaid_demo\framework\base\CApplication.php(162): CWebApplication->processRequest()
#10 D:\xampp\htdocs\mermaid_demo\index.php(13): CApplication->run()
#11 {main}
REQUEST_URI=/mermaid_demo/index.php/materialCategory/admin
HTTP_REFERER=http://localhost/mermaid_demo/index.php/materialCategory/index
---
2012/10/23 09:56:03 [error] [exception.CHttpException.403] exception 'CHttpException' with message 'You are not authorized to perform this action.' in D:\xampp\htdocs\mermaid_demo\framework\web\auth\CAccessControlFilter.php:157
Stack trace:
#0 D:\xampp\htdocs\mermaid_demo\framework\web\auth\CAccessControlFilter.php(120): CAccessControlFilter->accessDenied(Object(CWebUser), 'You are not aut...')
#1 D:\xampp\htdocs\mermaid_demo\framework\web\filters\CFilter.php(39): CAccessControlFilter->preFilter(Object(CFilterChain))
#2 D:\xampp\htdocs\mermaid_demo\framework\web\CController.php(1146): CFilter->filter(Object(CFilterChain))
#3 D:\xampp\htdocs\mermaid_demo\framework\web\filters\CInlineFilter.php(59): CController->filterAccessControl(Object(CFilterChain))
#4 D:\xampp\htdocs\mermaid_demo\framework\web\filters\CFilterChain.php(131): CInlineFilter->filter(Object(CFilterChain))
#5 D:\xampp\htdocs\mermaid_demo\framework\web\CController.php(292): CFilterChain->run()
#6 D:\xampp\htdocs\mermaid_demo\framework\web\CController.php(266): CController->runActionWithFilters(Object(CInlineAction), Array)
#7 D:\xampp\htdocs\mermaid_demo\framework\web\CWebApplication.php(276): CController->run('admin')
#8 D:\xampp\htdocs\mermaid_demo\framework\web\CWebApplication.php(135): CWebApplication->runController('materialCategor...')
#9 D:\xampp\htdocs\mermaid_demo\framework\base\CApplication.php(162): CWebApplication->processRequest()
#10 D:\xampp\htdocs\mermaid_demo\index.php(13): CApplication->run()
#11 {main}
REQUEST_URI=/mermaid_demo/index.php/materialCategory/admin
HTTP_REFERER=http://localhost/mermaid_demo/index.php/materialCategory/index
---
2012/10/23 09:56:31 [error] [exception.CHttpException.403] exception 'CHttpException' with message 'You are not authorized to perform this action.' in D:\xampp\htdocs\mermaid_demo\framework\web\auth\CAccessControlFilter.php:157
Stack trace:
#0 D:\xampp\htdocs\mermaid_demo\framework\web\auth\CAccessControlFilter.php(120): CAccessControlFilter->accessDenied(Object(CWebUser), 'You are not aut...')
#1 D:\xampp\htdocs\mermaid_demo\framework\web\filters\CFilter.php(39): CAccessControlFilter->preFilter(Object(CFilterChain))
#2 D:\xampp\htdocs\mermaid_demo\framework\web\CController.php(1146): CFilter->filter(Object(CFilterChain))
#3 D:\xampp\htdocs\mermaid_demo\framework\web\filters\CInlineFilter.php(59): CController->filterAccessControl(Object(CFilterChain))
#4 D:\xampp\htdocs\mermaid_demo\framework\web\filters\CFilterChain.php(131): CInlineFilter->filter(Object(CFilterChain))
#5 D:\xampp\htdocs\mermaid_demo\framework\web\CController.php(292): CFilterChain->run()
#6 D:\xampp\htdocs\mermaid_demo\framework\web\CController.php(266): CController->runActionWithFilters(Object(CInlineAction), Array)
#7 D:\xampp\htdocs\mermaid_demo\framework\web\CWebApplication.php(276): CController->run('admin')
#8 D:\xampp\htdocs\mermaid_demo\framework\web\CWebApplication.php(135): CWebApplication->runController('materialCategor...')
#9 D:\xampp\htdocs\mermaid_demo\framework\base\CApplication.php(162): CWebApplication->processRequest()
#10 D:\xampp\htdocs\mermaid_demo\index.php(13): CApplication->run()
#11 {main}
REQUEST_URI=/mermaid_demo/index.php/materialCategory/admin
HTTP_REFERER=http://localhost/mermaid_demo/index.php/materialCategory/2
---
2012/10/23 10:23:09 [error] [exception.CHttpException.403] exception 'CHttpException' with message 'You are not authorized to perform this action.' in D:\xampp\htdocs\mermaid_demo\framework\web\auth\CAccessControlFilter.php:157
Stack trace:
#0 D:\xampp\htdocs\mermaid_demo\framework\web\auth\CAccessControlFilter.php(120): CAccessControlFilter->accessDenied(Object(CWebUser), 'You are not aut...')
#1 D:\xampp\htdocs\mermaid_demo\framework\web\filters\CFilter.php(39): CAccessControlFilter->preFilter(Object(CFilterChain))
#2 D:\xampp\htdocs\mermaid_demo\framework\web\CController.php(1146): CFilter->filter(Object(CFilterChain))
#3 D:\xampp\htdocs\mermaid_demo\framework\web\filters\CInlineFilter.php(59): CController->filterAccessControl(Object(CFilterChain))
#4 D:\xampp\htdocs\mermaid_demo\framework\web\filters\CFilterChain.php(131): CInlineFilter->filter(Object(CFilterChain))
#5 D:\xampp\htdocs\mermaid_demo\framework\web\CController.php(292): CFilterChain->run()
#6 D:\xampp\htdocs\mermaid_demo\framework\web\CController.php(266): CController->runActionWithFilters(Object(CInlineAction), Array)
#7 D:\xampp\htdocs\mermaid_demo\framework\web\CWebApplication.php(276): CController->run('admin')
#8 D:\xampp\htdocs\mermaid_demo\framework\web\CWebApplication.php(135): CWebApplication->runController('materialCategor...')
#9 D:\xampp\htdocs\mermaid_demo\framework\base\CApplication.php(162): CWebApplication->processRequest()
#10 D:\xampp\htdocs\mermaid_demo\index.php(13): CApplication->run()
#11 {main}
REQUEST_URI=/mermaid_demo/index.php/materialCategory/admin
HTTP_REFERER=http://localhost/mermaid_demo/index.php/materialCategory/index
---
2012/10/23 10:23:25 [error] [exception.CHttpException.403] exception 'CHttpException' with message 'You are not authorized to perform this action.' in D:\xampp\htdocs\mermaid_demo\framework\web\auth\CAccessControlFilter.php:157
Stack trace:
#0 D:\xampp\htdocs\mermaid_demo\framework\web\auth\CAccessControlFilter.php(120): CAccessControlFilter->accessDenied(Object(CWebUser), 'You are not aut...')
#1 D:\xampp\htdocs\mermaid_demo\framework\web\filters\CFilter.php(39): CAccessControlFilter->preFilter(Object(CFilterChain))
#2 D:\xampp\htdocs\mermaid_demo\framework\web\CController.php(1146): CFilter->filter(Object(CFilterChain))
#3 D:\xampp\htdocs\mermaid_demo\framework\web\filters\CInlineFilter.php(59): CController->filterAccessControl(Object(CFilterChain))
#4 D:\xampp\htdocs\mermaid_demo\framework\web\filters\CFilterChain.php(131): CInlineFilter->filter(Object(CFilterChain))
#5 D:\xampp\htdocs\mermaid_demo\framework\web\CController.php(292): CFilterChain->run()
#6 D:\xampp\htdocs\mermaid_demo\framework\web\CController.php(266): CController->runActionWithFilters(Object(CInlineAction), Array)
#7 D:\xampp\htdocs\mermaid_demo\framework\web\CWebApplication.php(276): CController->run('admin')
#8 D:\xampp\htdocs\mermaid_demo\framework\web\CWebApplication.php(135): CWebApplication->runController('materialCategor...')
#9 D:\xampp\htdocs\mermaid_demo\framework\base\CApplication.php(162): CWebApplication->processRequest()
#10 D:\xampp\htdocs\mermaid_demo\index.php(13): CApplication->run()
#11 {main}
REQUEST_URI=/mermaid_demo/index.php/materialCategory/admin
HTTP_REFERER=http://localhost/mermaid_demo/index.php/materialCategory/index
---
2012/10/23 10:24:03 [error] [exception.CHttpException.403] exception 'CHttpException' with message 'You are not authorized to perform this action.' in D:\xampp\htdocs\mermaid_demo\framework\web\auth\CAccessControlFilter.php:157
Stack trace:
#0 D:\xampp\htdocs\mermaid_demo\framework\web\auth\CAccessControlFilter.php(120): CAccessControlFilter->accessDenied(Object(CWebUser), 'You are not aut...')
#1 D:\xampp\htdocs\mermaid_demo\framework\web\filters\CFilter.php(39): CAccessControlFilter->preFilter(Object(CFilterChain))
#2 D:\xampp\htdocs\mermaid_demo\framework\web\CController.php(1146): CFilter->filter(Object(CFilterChain))
#3 D:\xampp\htdocs\mermaid_demo\framework\web\filters\CInlineFilter.php(59): CController->filterAccessControl(Object(CFilterChain))
#4 D:\xampp\htdocs\mermaid_demo\framework\web\filters\CFilterChain.php(131): CInlineFilter->filter(Object(CFilterChain))
#5 D:\xampp\htdocs\mermaid_demo\framework\web\CController.php(292): CFilterChain->run()
#6 D:\xampp\htdocs\mermaid_demo\framework\web\CController.php(266): CController->runActionWithFilters(Object(CInlineAction), Array)
#7 D:\xampp\htdocs\mermaid_demo\framework\web\CWebApplication.php(276): CController->run('admin')
#8 D:\xampp\htdocs\mermaid_demo\framework\web\CWebApplication.php(135): CWebApplication->runController('materialCategor...')
#9 D:\xampp\htdocs\mermaid_demo\framework\base\CApplication.php(162): CWebApplication->processRequest()
#10 D:\xampp\htdocs\mermaid_demo\index.php(13): CApplication->run()
#11 {main}
REQUEST_URI=/mermaid_demo/index.php/materialCategory/admin
HTTP_REFERER=http://localhost/mermaid_demo/index.php/materialCategory/update/2
---
2012/10/23 10:24:32 [error] [exception.CHttpException.403] exception 'CHttpException' with message 'You are not authorized to perform this action.' in D:\xampp\htdocs\mermaid_demo\framework\web\auth\CAccessControlFilter.php:157
Stack trace:
#0 D:\xampp\htdocs\mermaid_demo\framework\web\auth\CAccessControlFilter.php(120): CAccessControlFilter->accessDenied(Object(CWebUser), 'You are not aut...')
#1 D:\xampp\htdocs\mermaid_demo\framework\web\filters\CFilter.php(39): CAccessControlFilter->preFilter(Object(CFilterChain))
#2 D:\xampp\htdocs\mermaid_demo\framework\web\CController.php(1146): CFilter->filter(Object(CFilterChain))
#3 D:\xampp\htdocs\mermaid_demo\framework\web\filters\CInlineFilter.php(59): CController->filterAccessControl(Object(CFilterChain))
#4 D:\xampp\htdocs\mermaid_demo\framework\web\filters\CFilterChain.php(131): CInlineFilter->filter(Object(CFilterChain))
#5 D:\xampp\htdocs\mermaid_demo\framework\web\CController.php(292): CFilterChain->run()
#6 D:\xampp\htdocs\mermaid_demo\framework\web\CController.php(266): CController->runActionWithFilters(Object(CInlineAction), Array)
#7 D:\xampp\htdocs\mermaid_demo\framework\web\CWebApplication.php(276): CController->run('delete')
#8 D:\xampp\htdocs\mermaid_demo\framework\web\CWebApplication.php(135): CWebApplication->runController('materialCategor...')
#9 D:\xampp\htdocs\mermaid_demo\framework\base\CApplication.php(162): CWebApplication->processRequest()
#10 D:\xampp\htdocs\mermaid_demo\index.php(13): CApplication->run()
#11 {main}
REQUEST_URI=/mermaid_demo/index.php/materialCategory/delete/2
HTTP_REFERER=http://localhost/mermaid_demo/index.php/materialCategory/2
---
2012/10/23 10:24:43 [error] [exception.CHttpException.403] exception 'CHttpException' with message 'You are not authorized to perform this action.' in D:\xampp\htdocs\mermaid_demo\framework\web\auth\CAccessControlFilter.php:157
Stack trace:
#0 D:\xampp\htdocs\mermaid_demo\framework\web\auth\CAccessControlFilter.php(120): CAccessControlFilter->accessDenied(Object(CWebUser), 'You are not aut...')
#1 D:\xampp\htdocs\mermaid_demo\framework\web\filters\CFilter.php(39): CAccessControlFilter->preFilter(Object(CFilterChain))
#2 D:\xampp\htdocs\mermaid_demo\framework\web\CController.php(1146): CFilter->filter(Object(CFilterChain))
#3 D:\xampp\htdocs\mermaid_demo\framework\web\filters\CInlineFilter.php(59): CController->filterAccessControl(Object(CFilterChain))
#4 D:\xampp\htdocs\mermaid_demo\framework\web\filters\CFilterChain.php(131): CInlineFilter->filter(Object(CFilterChain))
#5 D:\xampp\htdocs\mermaid_demo\framework\web\CController.php(292): CFilterChain->run()
#6 D:\xampp\htdocs\mermaid_demo\framework\web\CController.php(266): CController->runActionWithFilters(Object(CInlineAction), Array)
#7 D:\xampp\htdocs\mermaid_demo\framework\web\CWebApplication.php(276): CController->run('delete')
#8 D:\xampp\htdocs\mermaid_demo\framework\web\CWebApplication.php(135): CWebApplication->runController('materialCategor...')
#9 D:\xampp\htdocs\mermaid_demo\framework\base\CApplication.php(162): CWebApplication->processRequest()
#10 D:\xampp\htdocs\mermaid_demo\index.php(13): CApplication->run()
#11 {main}
REQUEST_URI=/mermaid_demo/index.php/materialCategory/delete/2
HTTP_REFERER=http://localhost/mermaid_demo/index.php/materialCategory/2
---
2012/10/23 11:44:28 [error] [exception.CHttpException.403] exception 'CHttpException' with message 'You are not authorized to perform this action.' in D:\xampp\htdocs\mermaid_demo\framework\web\auth\CAccessControlFilter.php:157
Stack trace:
#0 D:\xampp\htdocs\mermaid_demo\framework\web\auth\CAccessControlFilter.php(120): CAccessControlFilter->accessDenied(Object(CWebUser), 'You are not aut...')
#1 D:\xampp\htdocs\mermaid_demo\framework\web\filters\CFilter.php(39): CAccessControlFilter->preFilter(Object(CFilterChain))
#2 D:\xampp\htdocs\mermaid_demo\framework\web\CController.php(1146): CFilter->filter(Object(CFilterChain))
#3 D:\xampp\htdocs\mermaid_demo\framework\web\filters\CInlineFilter.php(59): CController->filterAccessControl(Object(CFilterChain))
#4 D:\xampp\htdocs\mermaid_demo\framework\web\filters\CFilterChain.php(131): CInlineFilter->filter(Object(CFilterChain))
#5 D:\xampp\htdocs\mermaid_demo\framework\web\CController.php(292): CFilterChain->run()
#6 D:\xampp\htdocs\mermaid_demo\framework\web\CController.php(266): CController->runActionWithFilters(Object(CInlineAction), Array)
#7 D:\xampp\htdocs\mermaid_demo\framework\web\CWebApplication.php(276): CController->run('admin')
#8 D:\xampp\htdocs\mermaid_demo\framework\web\CWebApplication.php(135): CWebApplication->runController('materialCategor...')
#9 D:\xampp\htdocs\mermaid_demo\framework\base\CApplication.php(162): CWebApplication->processRequest()
#10 D:\xampp\htdocs\mermaid_demo\index.php(13): CApplication->run()
#11 {main}
REQUEST_URI=/mermaid_demo/index.php/materialCategory/admin
HTTP_REFERER=http://localhost/mermaid_demo/index.php/materialCategory/2
---
2012/10/23 11:47:39 [error] [exception.CHttpException.403] exception 'CHttpException' with message 'You are not authorized to perform this action.' in D:\xampp\htdocs\mermaid_demo\framework\web\auth\CAccessControlFilter.php:157
Stack trace:
#0 D:\xampp\htdocs\mermaid_demo\framework\web\auth\CAccessControlFilter.php(120): CAccessControlFilter->accessDenied(Object(CWebUser), 'You are not aut...')
#1 D:\xampp\htdocs\mermaid_demo\framework\web\filters\CFilter.php(39): CAccessControlFilter->preFilter(Object(CFilterChain))
#2 D:\xampp\htdocs\mermaid_demo\framework\web\CController.php(1146): CFilter->filter(Object(CFilterChain))
#3 D:\xampp\htdocs\mermaid_demo\framework\web\filters\CInlineFilter.php(59): CController->filterAccessControl(Object(CFilterChain))
#4 D:\xampp\htdocs\mermaid_demo\framework\web\filters\CFilterChain.php(131): CInlineFilter->filter(Object(CFilterChain))
#5 D:\xampp\htdocs\mermaid_demo\framework\web\CController.php(292): CFilterChain->run()
#6 D:\xampp\htdocs\mermaid_demo\framework\web\CController.php(266): CController->runActionWithFilters(Object(CInlineAction), Array)
#7 D:\xampp\htdocs\mermaid_demo\framework\web\CWebApplication.php(276): CController->run('admin')
#8 D:\xampp\htdocs\mermaid_demo\framework\web\CWebApplication.php(135): CWebApplication->runController('materialCategor...')
#9 D:\xampp\htdocs\mermaid_demo\framework\base\CApplication.php(162): CWebApplication->processRequest()
#10 D:\xampp\htdocs\mermaid_demo\index.php(13): CApplication->run()
#11 {main}
REQUEST_URI=/mermaid_demo/index.php/materialCategory/admin
HTTP_REFERER=http://localhost/mermaid_demo/index.php/materialCategory/3
---
2012/10/23 11:52:25 [error] [exception.CHttpException.403] exception 'CHttpException' with message 'You are not authorized to perform this action.' in D:\xampp\htdocs\mermaid_demo\framework\web\auth\CAccessControlFilter.php:157
Stack trace:
#0 D:\xampp\htdocs\mermaid_demo\framework\web\auth\CAccessControlFilter.php(120): CAccessControlFilter->accessDenied(Object(CWebUser), 'You are not aut...')
#1 D:\xampp\htdocs\mermaid_demo\framework\web\filters\CFilter.php(39): CAccessControlFilter->preFilter(Object(CFilterChain))
#2 D:\xampp\htdocs\mermaid_demo\framework\web\CController.php(1146): CFilter->filter(Object(CFilterChain))
#3 D:\xampp\htdocs\mermaid_demo\framework\web\filters\CInlineFilter.php(59): CController->filterAccessControl(Object(CFilterChain))
#4 D:\xampp\htdocs\mermaid_demo\framework\web\filters\CFilterChain.php(131): CInlineFilter->filter(Object(CFilterChain))
#5 D:\xampp\htdocs\mermaid_demo\framework\web\CController.php(292): CFilterChain->run()
#6 D:\xampp\htdocs\mermaid_demo\framework\web\CController.php(266): CController->runActionWithFilters(Object(CInlineAction), Array)
#7 D:\xampp\htdocs\mermaid_demo\framework\web\CWebApplication.php(276): CController->run('admin')
#8 D:\xampp\htdocs\mermaid_demo\framework\web\CWebApplication.php(135): CWebApplication->runController('materialCategor...')
#9 D:\xampp\htdocs\mermaid_demo\framework\base\CApplication.php(162): CWebApplication->processRequest()
#10 D:\xampp\htdocs\mermaid_demo\index.php(13): CApplication->run()
#11 {main}
REQUEST_URI=/mermaid_demo/index.php/materialCategory/admin
HTTP_REFERER=http://localhost/mermaid_demo/index.php/materialCategory/3
---
2012/10/23 12:02:42 [error] [exception.CHttpException.403] exception 'CHttpException' with message 'You are not authorized to perform this action.' in D:\xampp\htdocs\mermaid_demo\framework\web\auth\CAccessControlFilter.php:157
Stack trace:
#0 D:\xampp\htdocs\mermaid_demo\framework\web\auth\CAccessControlFilter.php(120): CAccessControlFilter->accessDenied(Object(CWebUser), 'You are not aut...')
#1 D:\xampp\htdocs\mermaid_demo\framework\web\filters\CFilter.php(39): CAccessControlFilter->preFilter(Object(CFilterChain))
#2 D:\xampp\htdocs\mermaid_demo\framework\web\CController.php(1146): CFilter->filter(Object(CFilterChain))
#3 D:\xampp\htdocs\mermaid_demo\framework\web\filters\CInlineFilter.php(59): CController->filterAccessControl(Object(CFilterChain))
#4 D:\xampp\htdocs\mermaid_demo\framework\web\filters\CFilterChain.php(131): CInlineFilter->filter(Object(CFilterChain))
#5 D:\xampp\htdocs\mermaid_demo\framework\web\CController.php(292): CFilterChain->run()
#6 D:\xampp\htdocs\mermaid_demo\framework\web\CController.php(266): CController->runActionWithFilters(Object(CInlineAction), Array)
#7 D:\xampp\htdocs\mermaid_demo\framework\web\CWebApplication.php(276): CController->run('admin')
#8 D:\xampp\htdocs\mermaid_demo\framework\web\CWebApplication.php(135): CWebApplication->runController('materialCategor...')
#9 D:\xampp\htdocs\mermaid_demo\framework\base\CApplication.php(162): CWebApplication->processRequest()
#10 D:\xampp\htdocs\mermaid_demo\index.php(13): CApplication->run()
#11 {main}
REQUEST_URI=/mermaid_demo/index.php/materialCategory/admin
HTTP_REFERER=http://localhost/mermaid_demo/index.php/materialCategory/index
---
2012/10/23 12:02:59 [error] [exception.CHttpException.403] exception 'CHttpException' with message 'You are not authorized to perform this action.' in D:\xampp\htdocs\mermaid_demo\framework\web\auth\CAccessControlFilter.php:157
Stack trace:
#0 D:\xampp\htdocs\mermaid_demo\framework\web\auth\CAccessControlFilter.php(120): CAccessControlFilter->accessDenied(Object(CWebUser), 'You are not aut...')
#1 D:\xampp\htdocs\mermaid_demo\framework\web\filters\CFilter.php(39): CAccessControlFilter->preFilter(Object(CFilterChain))
#2 D:\xampp\htdocs\mermaid_demo\framework\web\CController.php(1146): CFilter->filter(Object(CFilterChain))
#3 D:\xampp\htdocs\mermaid_demo\framework\web\filters\CInlineFilter.php(59): CController->filterAccessControl(Object(CFilterChain))
#4 D:\xampp\htdocs\mermaid_demo\framework\web\filters\CFilterChain.php(131): CInlineFilter->filter(Object(CFilterChain))
#5 D:\xampp\htdocs\mermaid_demo\framework\web\CController.php(292): CFilterChain->run()
#6 D:\xampp\htdocs\mermaid_demo\framework\web\CController.php(266): CController->runActionWithFilters(Object(CInlineAction), Array)
#7 D:\xampp\htdocs\mermaid_demo\framework\web\CWebApplication.php(276): CController->run('admin')
#8 D:\xampp\htdocs\mermaid_demo\framework\web\CWebApplication.php(135): CWebApplication->runController('materialCategor...')
#9 D:\xampp\htdocs\mermaid_demo\framework\base\CApplication.php(162): CWebApplication->processRequest()
#10 D:\xampp\htdocs\mermaid_demo\index.php(13): CApplication->run()
#11 {main}
REQUEST_URI=/mermaid_demo/index.php/materialCategory/admin
HTTP_REFERER=http://localhost/mermaid_demo/index.php/materialCategory/index
---
2012/10/23 12:04:01 [error] [exception.CHttpException.403] exception 'CHttpException' with message 'You are not authorized to perform this action.' in D:\xampp\htdocs\mermaid_demo\framework\web\auth\CAccessControlFilter.php:157
Stack trace:
#0 D:\xampp\htdocs\mermaid_demo\framework\web\auth\CAccessControlFilter.php(120): CAccessControlFilter->accessDenied(Object(CWebUser), 'You are not aut...')
#1 D:\xampp\htdocs\mermaid_demo\framework\web\filters\CFilter.php(39): CAccessControlFilter->preFilter(Object(CFilterChain))
#2 D:\xampp\htdocs\mermaid_demo\framework\web\CController.php(1146): CFilter->filter(Object(CFilterChain))
#3 D:\xampp\htdocs\mermaid_demo\framework\web\filters\CInlineFilter.php(59): CController->filterAccessControl(Object(CFilterChain))
#4 D:\xampp\htdocs\mermaid_demo\framework\web\filters\CFilterChain.php(131): CInlineFilter->filter(Object(CFilterChain))
#5 D:\xampp\htdocs\mermaid_demo\framework\web\CController.php(292): CFilterChain->run()
#6 D:\xampp\htdocs\mermaid_demo\framework\web\CController.php(266): CController->runActionWithFilters(Object(CInlineAction), Array)
#7 D:\xampp\htdocs\mermaid_demo\framework\web\CWebApplication.php(276): CController->run('admin')
#8 D:\xampp\htdocs\mermaid_demo\framework\web\CWebApplication.php(135): CWebApplication->runController('materialCategor...')
#9 D:\xampp\htdocs\mermaid_demo\framework\base\CApplication.php(162): CWebApplication->processRequest()
#10 D:\xampp\htdocs\mermaid_demo\index.php(13): CApplication->run()
#11 {main}
REQUEST_URI=/mermaid_demo/index.php/materialCategory/admin
HTTP_REFERER=http://localhost/mermaid_demo/index.php/materialCategory/index
---
2012/10/23 12:06:32 [error] [exception.CHttpException.403] exception 'CHttpException' with message 'You are not authorized to perform this action.' in D:\xampp\htdocs\mermaid_demo\framework\web\auth\CAccessControlFilter.php:157
Stack trace:
#0 D:\xampp\htdocs\mermaid_demo\framework\web\auth\CAccessControlFilter.php(120): CAccessControlFilter->accessDenied(Object(CWebUser), 'You are not aut...')
#1 D:\xampp\htdocs\mermaid_demo\framework\web\filters\CFilter.php(39): CAccessControlFilter->preFilter(Object(CFilterChain))
#2 D:\xampp\htdocs\mermaid_demo\framework\web\CController.php(1146): CFilter->filter(Object(CFilterChain))
#3 D:\xampp\htdocs\mermaid_demo\framework\web\filters\CInlineFilter.php(59): CController->filterAccessControl(Object(CFilterChain))
#4 D:\xampp\htdocs\mermaid_demo\framework\web\filters\CFilterChain.php(131): CInlineFilter->filter(Object(CFilterChain))
#5 D:\xampp\htdocs\mermaid_demo\framework\web\CController.php(292): CFilterChain->run()
#6 D:\xampp\htdocs\mermaid_demo\framework\web\CController.php(266): CController->runActionWithFilters(Object(CInlineAction), Array)
#7 D:\xampp\htdocs\mermaid_demo\framework\web\CWebApplication.php(276): CController->run('delete')
#8 D:\xampp\htdocs\mermaid_demo\framework\web\CWebApplication.php(135): CWebApplication->runController('materialCategor...')
#9 D:\xampp\htdocs\mermaid_demo\framework\base\CApplication.php(162): CWebApplication->processRequest()
#10 D:\xampp\htdocs\mermaid_demo\index.php(13): CApplication->run()
#11 {main}
REQUEST_URI=/mermaid_demo/index.php/materialCategory/delete/3
HTTP_REFERER=http://localhost/mermaid_demo/index.php/materialCategory/3
---
2012/10/23 12:08:19 [error] [exception.CHttpException.403] exception 'CHttpException' with message 'You are not authorized to perform this action.' in D:\xampp\htdocs\mermaid_demo\framework\web\auth\CAccessControlFilter.php:157
Stack trace:
#0 D:\xampp\htdocs\mermaid_demo\framework\web\auth\CAccessControlFilter.php(120): CAccessControlFilter->accessDenied(Object(CWebUser), 'You are not aut...')
#1 D:\xampp\htdocs\mermaid_demo\framework\web\filters\CFilter.php(39): CAccessControlFilter->preFilter(Object(CFilterChain))
#2 D:\xampp\htdocs\mermaid_demo\framework\web\CController.php(1146): CFilter->filter(Object(CFilterChain))
#3 D:\xampp\htdocs\mermaid_demo\framework\web\filters\CInlineFilter.php(59): CController->filterAccessControl(Object(CFilterChain))
#4 D:\xampp\htdocs\mermaid_demo\framework\web\filters\CFilterChain.php(131): CInlineFilter->filter(Object(CFilterChain))
#5 D:\xampp\htdocs\mermaid_demo\framework\web\CController.php(292): CFilterChain->run()
#6 D:\xampp\htdocs\mermaid_demo\framework\web\CController.php(266): CController->runActionWithFilters(Object(CInlineAction), Array)
#7 D:\xampp\htdocs\mermaid_demo\framework\web\CWebApplication.php(276): CController->run('admin')
#8 D:\xampp\htdocs\mermaid_demo\framework\web\CWebApplication.php(135): CWebApplication->runController('materialCategor...')
#9 D:\xampp\htdocs\mermaid_demo\framework\base\CApplication.php(162): CWebApplication->processRequest()
#10 D:\xampp\htdocs\mermaid_demo\index.php(13): CApplication->run()
#11 {main}
REQUEST_URI=/mermaid_demo/index.php/materialCategory/admin
HTTP_REFERER=http://localhost/mermaid_demo/index.php/materialCategory/index
---
2012/11/01 09:42:52 [error] [exception.CHttpException.403] exception 'CHttpException' with message 'You are not authorized to perform this action.' in D:\xampp\htdocs\mermaid_demo\framework\web\auth\CAccessControlFilter.php:157
Stack trace:
#0 D:\xampp\htdocs\mermaid_demo\framework\web\auth\CAccessControlFilter.php(120): CAccessControlFilter->accessDenied(Object(CWebUser), 'You are not aut...')
#1 D:\xampp\htdocs\mermaid_demo\framework\web\filters\CFilter.php(39): CAccessControlFilter->preFilter(Object(CFilterChain))
#2 D:\xampp\htdocs\mermaid_demo\framework\web\CController.php(1146): CFilter->filter(Object(CFilterChain))
#3 D:\xampp\htdocs\mermaid_demo\framework\web\filters\CInlineFilter.php(59): CController->filterAccessControl(Object(CFilterChain))
#4 D:\xampp\htdocs\mermaid_demo\framework\web\filters\CFilterChain.php(131): CInlineFilter->filter(Object(CFilterChain))
#5 D:\xampp\htdocs\mermaid_demo\framework\web\CController.php(292): CFilterChain->run()
#6 D:\xampp\htdocs\mermaid_demo\framework\web\CController.php(266): CController->runActionWithFilters(Object(CInlineAction), Array)
#7 D:\xampp\htdocs\mermaid_demo\framework\web\CWebApplication.php(276): CController->run('admin')
#8 D:\xampp\htdocs\mermaid_demo\framework\web\CWebApplication.php(135): CWebApplication->runController('materialCategor...')
#9 D:\xampp\htdocs\mermaid_demo\framework\base\CApplication.php(162): CWebApplication->processRequest()
#10 D:\xampp\htdocs\mermaid_demo\index.php(13): CApplication->run()
#11 {main}
REQUEST_URI=/mermaid_demo/index.php/materialCategory/admin
HTTP_REFERER=http://localhost/mermaid_demo/index.php/materialCategory/index
---
2012/11/01 09:43:49 [error] [exception.CHttpException.403] exception 'CHttpException' with message 'You are not authorized to perform this action.' in D:\xampp\htdocs\mermaid_demo\framework\web\auth\CAccessControlFilter.php:157
Stack trace:
#0 D:\xampp\htdocs\mermaid_demo\framework\web\auth\CAccessControlFilter.php(120): CAccessControlFilter->accessDenied(Object(CWebUser), 'You are not aut...')
#1 D:\xampp\htdocs\mermaid_demo\framework\web\filters\CFilter.php(39): CAccessControlFilter->preFilter(Object(CFilterChain))
#2 D:\xampp\htdocs\mermaid_demo\framework\web\CController.php(1146): CFilter->filter(Object(CFilterChain))
#3 D:\xampp\htdocs\mermaid_demo\framework\web\filters\CInlineFilter.php(59): CController->filterAccessControl(Object(CFilterChain))
#4 D:\xampp\htdocs\mermaid_demo\framework\web\filters\CFilterChain.php(131): CInlineFilter->filter(Object(CFilterChain))
#5 D:\xampp\htdocs\mermaid_demo\framework\web\CController.php(292): CFilterChain->run()
#6 D:\xampp\htdocs\mermaid_demo\framework\web\CController.php(266): CController->runActionWithFilters(Object(CInlineAction), Array)
#7 D:\xampp\htdocs\mermaid_demo\framework\web\CWebApplication.php(276): CController->run('delete')
#8 D:\xampp\htdocs\mermaid_demo\framework\web\CWebApplication.php(135): CWebApplication->runController('materialCategor...')
#9 D:\xampp\htdocs\mermaid_demo\framework\base\CApplication.php(162): CWebApplication->processRequest()
#10 D:\xampp\htdocs\mermaid_demo\index.php(13): CApplication->run()
#11 {main}
REQUEST_URI=/mermaid_demo/index.php/materialCategory/delete/1
HTTP_REFERER=http://localhost/mermaid_demo/index.php/materialCategory/1
---
2012/11/01 09:43:54 [error] [exception.CHttpException.403] exception 'CHttpException' with message 'You are not authorized to perform this action.' in D:\xampp\htdocs\mermaid_demo\framework\web\auth\CAccessControlFilter.php:157
Stack trace:
#0 D:\xampp\htdocs\mermaid_demo\framework\web\auth\CAccessControlFilter.php(120): CAccessControlFilter->accessDenied(Object(CWebUser), 'You are not aut...')
#1 D:\xampp\htdocs\mermaid_demo\framework\web\filters\CFilter.php(39): CAccessControlFilter->preFilter(Object(CFilterChain))
#2 D:\xampp\htdocs\mermaid_demo\framework\web\CController.php(1146): CFilter->filter(Object(CFilterChain))
#3 D:\xampp\htdocs\mermaid_demo\framework\web\filters\CInlineFilter.php(59): CController->filterAccessControl(Object(CFilterChain))
#4 D:\xampp\htdocs\mermaid_demo\framework\web\filters\CFilterChain.php(131): CInlineFilter->filter(Object(CFilterChain))
#5 D:\xampp\htdocs\mermaid_demo\framework\web\CController.php(292): CFilterChain->run()
#6 D:\xampp\htdocs\mermaid_demo\framework\web\CController.php(266): CController->runActionWithFilters(Object(CInlineAction), Array)
#7 D:\xampp\htdocs\mermaid_demo\framework\web\CWebApplication.php(276): CController->run('admin')
#8 D:\xampp\htdocs\mermaid_demo\framework\web\CWebApplication.php(135): CWebApplication->runController('materialCategor...')
#9 D:\xampp\htdocs\mermaid_demo\framework\base\CApplication.php(162): CWebApplication->processRequest()
#10 D:\xampp\htdocs\mermaid_demo\index.php(13): CApplication->run()
#11 {main}
REQUEST_URI=/mermaid_demo/index.php/materialCategory/admin
HTTP_REFERER=http://localhost/mermaid_demo/index.php/materialCategory/1
---
